Archive member included to satisfy reference by file (symbol)

/Applications/ArmGNUToolchain/13.2.Rel1/arm-none-eabi/bin/../lib/gcc/arm-none-eabi/13.2.1/thumb/v6-m/nofp/libgcc.a(_dvmd_tls.o)
                              CMakeFiles/midiMe.dir/Users/sabino/raspberry_pico_pi/pico-sdk/src/rp2_common/pico_divider/divider.S.obj (__aeabi_idiv0)
/Applications/ArmGNUToolchain/13.2.Rel1/arm-none-eabi/bin/../lib/gcc/arm-none-eabi/13.2.1/../../../../arm-none-eabi/lib/thumb/v6-m/nofp/libg.a(libc_a-calloc.o)
                              CMakeFiles/midiMe.dir/Users/sabino/raspberry_pico_pi/pico-sdk/src/rp2_common/pico_malloc/pico_malloc.c.obj (calloc)
/Applications/ArmGNUToolchain/13.2.Rel1/arm-none-eabi/bin/../lib/gcc/arm-none-eabi/13.2.1/../../../../arm-none-eabi/lib/thumb/v6-m/nofp/libg.a(libc_a-callocr.o)
                              /Applications/ArmGNUToolchain/13.2.Rel1/arm-none-eabi/bin/../lib/gcc/arm-none-eabi/13.2.1/../../../../arm-none-eabi/lib/thumb/v6-m/nofp/libg.a(libc_a-calloc.o) (_calloc_r)
/Applications/ArmGNUToolchain/13.2.Rel1/arm-none-eabi/bin/../lib/gcc/arm-none-eabi/13.2.1/../../../../arm-none-eabi/lib/thumb/v6-m/nofp/libg.a(libc_a-malloc.o)
                              CMakeFiles/midiMe.dir/Users/sabino/raspberry_pico_pi/pico-sdk/src/rp2_common/pico_malloc/pico_malloc.c.obj (malloc)
/Applications/ArmGNUToolchain/13.2.Rel1/arm-none-eabi/bin/../lib/gcc/arm-none-eabi/13.2.1/../../../../arm-none-eabi/lib/thumb/v6-m/nofp/libg.a(libc_a-mallocr.o)
                              /Applications/ArmGNUToolchain/13.2.Rel1/arm-none-eabi/bin/../lib/gcc/arm-none-eabi/13.2.1/../../../../arm-none-eabi/lib/thumb/v6-m/nofp/libg.a(libc_a-callocr.o) (_malloc_r)
/Applications/ArmGNUToolchain/13.2.Rel1/arm-none-eabi/bin/../lib/gcc/arm-none-eabi/13.2.1/../../../../arm-none-eabi/lib/thumb/v6-m/nofp/libg.a(libc_a-mlock.o)
                              /Applications/ArmGNUToolchain/13.2.Rel1/arm-none-eabi/bin/../lib/gcc/arm-none-eabi/13.2.1/../../../../arm-none-eabi/lib/thumb/v6-m/nofp/libg.a(libc_a-mallocr.o) (__malloc_lock)
/Applications/ArmGNUToolchain/13.2.Rel1/arm-none-eabi/bin/../lib/gcc/arm-none-eabi/13.2.1/../../../../arm-none-eabi/lib/thumb/v6-m/nofp/libg.a(libc_a-realloc.o)
                              CMakeFiles/midiMe.dir/Users/sabino/raspberry_pico_pi/pico-sdk/src/rp2_common/pico_malloc/pico_malloc.c.obj (realloc)
/Applications/ArmGNUToolchain/13.2.Rel1/arm-none-eabi/bin/../lib/gcc/arm-none-eabi/13.2.1/../../../../arm-none-eabi/lib/thumb/v6-m/nofp/libg.a(libc_a-reallocr.o)
                              /Applications/ArmGNUToolchain/13.2.Rel1/arm-none-eabi/bin/../lib/gcc/arm-none-eabi/13.2.1/../../../../arm-none-eabi/lib/thumb/v6-m/nofp/libg.a(libc_a-realloc.o) (_realloc_r)
/Applications/ArmGNUToolchain/13.2.Rel1/arm-none-eabi/bin/../lib/gcc/arm-none-eabi/13.2.1/../../../../arm-none-eabi/lib/thumb/v6-m/nofp/libg.a(libc_a-memmove.o)
                              /Applications/ArmGNUToolchain/13.2.Rel1/arm-none-eabi/bin/../lib/gcc/arm-none-eabi/13.2.1/../../../../arm-none-eabi/lib/thumb/v6-m/nofp/libg.a(libc_a-reallocr.o) (memmove)
/Applications/ArmGNUToolchain/13.2.Rel1/arm-none-eabi/bin/../lib/gcc/arm-none-eabi/13.2.1/../../../../arm-none-eabi/lib/thumb/v6-m/nofp/libg.a(libc_a-clock.o)
                              CMakeFiles/midiMe.dir/midiMe.c.obj (clock)
/Applications/ArmGNUToolchain/13.2.Rel1/arm-none-eabi/bin/../lib/gcc/arm-none-eabi/13.2.1/../../../../arm-none-eabi/lib/thumb/v6-m/nofp/libg.a(libc_a-impure.o)
                              /Applications/ArmGNUToolchain/13.2.Rel1/arm-none-eabi/bin/../lib/gcc/arm-none-eabi/13.2.1/../../../../arm-none-eabi/lib/thumb/v6-m/nofp/libg.a(libc_a-calloc.o) (_impure_ptr)
/Applications/ArmGNUToolchain/13.2.Rel1/arm-none-eabi/bin/../lib/gcc/arm-none-eabi/13.2.1/../../../../arm-none-eabi/lib/thumb/v6-m/nofp/libg.a(libc_a-sbrkr.o)
                              /Applications/ArmGNUToolchain/13.2.Rel1/arm-none-eabi/bin/../lib/gcc/arm-none-eabi/13.2.1/../../../../arm-none-eabi/lib/thumb/v6-m/nofp/libg.a(libc_a-mallocr.o) (_sbrk_r)
/Applications/ArmGNUToolchain/13.2.Rel1/arm-none-eabi/bin/../lib/gcc/arm-none-eabi/13.2.1/../../../../arm-none-eabi/lib/thumb/v6-m/nofp/libg.a(libc_a-timesr.o)
                              /Applications/ArmGNUToolchain/13.2.Rel1/arm-none-eabi/bin/../lib/gcc/arm-none-eabi/13.2.1/../../../../arm-none-eabi/lib/thumb/v6-m/nofp/libg.a(libc_a-clock.o) (_times_r)
/Applications/ArmGNUToolchain/13.2.Rel1/arm-none-eabi/bin/../lib/gcc/arm-none-eabi/13.2.1/../../../../arm-none-eabi/lib/thumb/v6-m/nofp/libg.a(libc_a-errno.o)
                              /Applications/ArmGNUToolchain/13.2.Rel1/arm-none-eabi/bin/../lib/gcc/arm-none-eabi/13.2.1/../../../../arm-none-eabi/lib/thumb/v6-m/nofp/libg.a(libc_a-callocr.o) (__errno)
/Applications/ArmGNUToolchain/13.2.Rel1/arm-none-eabi/bin/../lib/gcc/arm-none-eabi/13.2.1/../../../../arm-none-eabi/lib/thumb/v6-m/nofp/libg.a(libc_a-sysconf.o)
[...]
Memory Configuration

Name             Origin             Length             Attributes
FLASH            0x10000000         0x00200000         xr
RAM              0x20000000         0x00040000         xrw
SCRATCH_X        0x20040000         0x00001000         xrw
SCRATCH_Y        0x20041000         0x00001000         xrw
*default*        0x00000000         0xffffffff

Linker script and memory map

LOAD /Applications/ArmGNUToolchain/13.2.Rel1/arm-none-eabi/bin/../lib/gcc/arm-none-eabi/13.2.1/thumb/v6-m/nofp/crti.o
LOAD /Applications/ArmGNUToolchain/13.2.Rel1/arm-none-eabi/bin/../lib/gcc/arm-none-eabi/13.2.1/thumb/v6-m/nofp/crtbegin.o
LOAD /Applications/ArmGNUToolchain/13.2.Rel1/arm-none-eabi/bin/../lib/gcc/arm-none-eabi/13.2.1/../../../../arm-none-eabi/lib/thumb/v6-m/nofp/crt0.o

.flash_begin    0x10000000        0x0
                0x10000000                        __flash_binary_start = .

.boot2          0x10000000      0x100
                0x10000000                        __boot2_start__ = .
 *(.boot2)
 .boot2         0x10000000      0x100 /var/folders/bm/d2cvjf417jv9rq65bgmr1xlc0000gn/T//ccOdtZHx.o
                0x10000100                        __boot2_end__ = .
                0x00000001                        ASSERT (((__boot2_end__ - __boot2_start__) == 0x100), ERROR: Pico second stage bootloader must be 256 bytes in size)

.text           0x10000100     0x6b80
                0x10000100                        __logical_binary_start = .
 *(.vectors)
 .vectors       0x10000100       0xd4 CMakeFiles/midiMe.dir/Users/sabino/raspberry_pico_pi/pico-sdk/src/rp2_common/pico_standard_link/crt0.S.obj
                0x10000100                __VECTOR_TABLE
                0x10000100                __vectors
                0x100001c0                __default_isrs_start
                0x100001c0                isr_invalid
                0x100001c2                isr_nmi
                0x100001c4                isr_hardfault
                0x100001c6                isr_svcall
                0x100001c8                isr_pendsv
                0x100001ca                isr_systick
                0x100001cc                isr_irq28
                0x100001cc                isr_irq19
                0x100001cc                isr_irq0
                0x100001cc                isr_irq6
                0x100001cc                isr_irq22
                0x100001cc                isr_irq17
                0x100001cc                isr_irq14
                0x100001cc                isr_irq2
                0x100001cc                isr_irq10
                0x100001cc                isr_irq8
                0x100001cc                isr_irq24
                0x100001cc                isr_irq1
                0x100001cc                isr_irq7
                0x100001cc                isr_irq21
                0x100001cc                isr_irq20
                0x100001cc                isr_irq15
                0x100001cc                isr_irq25
                0x100001cc                isr_irq4
                0x100001cc                isr_irq16
                0x100001cc                isr_irq29
                0x100001cc                isr_irq26
                0x100001cc                __default_isrs_end
                0x100001cc                isr_irq3
                0x100001cc                isr_irq9
                0x100001cc                __unhandled_user_irq
                0x100001cc                isr_irq13
                0x100001cc                isr_irq27
                0x100001cc                isr_irq31
                0x100001cc                isr_irq5
                0x100001cc                isr_irq11
                0x100001cc                isr_irq23
                0x100001cc                isr_irq18
                0x100001cc                isr_irq30
                0x100001cc                isr_irq12
                0x100001d2                unhandled_user_irq_num_in_r0
 *(.binary_info_header)
 .binary_info_header
                0x100001d4       0x14 CMakeFiles/midiMe.dir/Users/sabino/raspberry_pico_pi/pico-sdk/src/rp2_common/pico_standard_link/crt0.S.obj
                0x100001e8                        __binary_info_header_end = .
 *(.reset)
 .reset         0x100001e8       0xa0 CMakeFiles/midiMe.dir/Users/sabino/raspberry_pico_pi/pico-sdk/src/rp2_common/pico_standard_link/crt0.S.obj
                0x100001e8                _entry_point
 .reset         0x10000288       0x30 CMakeFiles/midiMe.dir/Users/sabino/raspberry_pico_pi/pico-sdk/src/rp2_common/pico_standard_link/binary_info.c.obj
 *(.init)
 .init          0x100002b8        0x4 /Applications/ArmGNUToolchain/13.2.Rel1/arm-none-eabi/bin/../lib/gcc/arm-none-eabi/13.2.1/thumb/v6-m/nofp/crti.o
                0x100002b8                _init
 *(EXCLUDE_FILE(*libm.a: *libc.a:*lib_a-mem*.o *libgcc.a:) .text*)
 .text.register_tm_clones
                0x100002bc       0x28 /Applications/ArmGNUToolchain/13.2.Rel1/arm-none-eabi/bin/../lib/gcc/arm-none-eabi/13.2.1/thumb/v6-m/nofp/crtbegin.o
 .text.frame_dummy
                0x100002e4       0x24 /Applications/ArmGNUToolchain/13.2.Rel1/arm-none-eabi/bin/../lib/gcc/arm-none-eabi/13.2.1/thumb/v6-m/nofp/crtbegin.o
 .text.is_prime
                0x10000308       0x54 CMakeFiles/midiMe.dir/midiMe.c.obj
                0x10000308                is_prime
 .text.main     0x1000035c       0x90 CMakeFiles/midiMe.dir/midiMe.c.obj
                0x1000035c                main
 .text.gpio_set_function
                0x100003ec       0x30 CMakeFiles/midiMe.dir/Users/sabino/raspberry_pico_pi/pico-sdk/src/rp2_common/hardware_gpio/gpio.c.obj
                0x100003ec                gpio_set_function
 .text.gpio_init
                0x1000041c       0x16 CMakeFiles/midiMe.dir/Users/sabino/raspberry_pico_pi/pico-sdk/src/rp2_common/hardware_gpio/gpio.c.obj
                0x1000041c                gpio_init
 *fill*         0x10000432        0x2 
 .text.running_on_fpga
                0x10000434       0x14 CMakeFiles/midiMe.dir/Users/sabino/raspberry_pico_pi/pico-sdk/src/rp2_common/pico_platform/platform.c.obj
                0x10000434                running_on_fpga
 .text.hw_claim_lock
                0x10000448       0x18 CMakeFiles/midiMe.dir/Users/sabino/raspberry_pico_pi/pico-sdk/src/rp2_common/hardware_claim/claim.c.obj
                0x10000448                hw_claim_lock
 .text.hw_claim_unlock
                0x10000460       0x14 CMakeFiles/midiMe.dir/Users/sabino/raspberry_pico_pi/pico-sdk/src/rp2_common/hardware_claim/claim.c.obj
                0x10000460                hw_claim_unlock
 .text.hw_claim_or_assert
                0x10000474       0x32 CMakeFiles/midiMe.dir/Users/sabino/raspberry_pico_pi/pico-sdk/src/rp2_common/hardware_claim/claim.c.obj
                0x10000474                hw_claim_or_assert
 .text.hw_claim_unused_from_range
                0x100004a6       0x50 CMakeFiles/midiMe.dir/Users/sabino/raspberry_pico_pi/pico-sdk/src/rp2_common/hardware_claim/claim.c.obj
                0x100004a6                hw_claim_unused_from_range
 *fill*         0x100004f6        0x2 
 .text.spin_locks_reset
                0x100004f8       0x20 CMakeFiles/midiMe.dir/Users/sabino/raspberry_pico_pi/pico-sdk/src/rp2_common/hardware_sync/sync.c.obj
                0x100004f8                spin_locks_reset
 .text.next_striped_spin_lock_num
                0x10000518       0x1c CMakeFiles/midiMe.dir/Users/sabino/raspberry_pico_pi/pico-sdk/src/rp2_common/hardware_sync/sync.c.obj
                0x10000518                next_striped_spin_lock_num
 .text.spin_lock_claim_unused
                0x10000534       0x24 CMakeFiles/midiMe.dir/Users/sabino/raspberry_pico_pi/pico-sdk/src/rp2_common/hardware_sync/sync.c.obj
                0x10000534                spin_lock_claim_unused
 .text.set_raw_irq_handler_and_unlock
                0x10000558       0x28 CMakeFiles/midiMe.dir/Users/sabino/raspberry_pico_pi/pico-sdk/src/rp2_common/hardware_irq/irq.c.obj
 .text.resolve_branch
                0x10000580       0x30 CMakeFiles/midiMe.dir/Users/sabino/raspberry_pico_pi/pico-sdk/src/rp2_common/hardware_irq/irq.c.obj
 .text.make_branch
                0x100005b0       0x48 CMakeFiles/midiMe.dir/Users/sabino/raspberry_pico_pi/pico-sdk/src/rp2_common/hardware_irq/irq.c.obj
 .text.insert_branch_and_link
                0x100005f8       0x40 CMakeFiles/midiMe.dir/Users/sabino/raspberry_pico_pi/pico-sdk/src/rp2_common/hardware_irq/irq.c.obj
 .text.irq_is_enabled
                0x10000638       0x18 CMakeFiles/midiMe.dir/Users/sabino/raspberry_pico_pi/pico-sdk/src/rp2_common/hardware_irq/irq.c.obj
                0x10000638                irq_is_enabled
 .text.irq_set_mask_enabled
                0x10000650       0x20 CMakeFiles/midiMe.dir/Users/sabino/raspberry_pico_pi/pico-sdk/src/rp2_common/hardware_irq/irq.c.obj
                0x10000650                irq_set_mask_enabled
 .text.irq_set_enabled
                0x10000670        0xe CMakeFiles/midiMe.dir/Users/sabino/raspberry_pico_pi/pico-sdk/src/rp2_common/hardware_irq/irq.c.obj
                0x10000670                irq_set_enabled
 *fill*         0x1000067e        0x2 
 .text.irq_set_pending
                0x10000680       0x10 CMakeFiles/midiMe.dir/Users/sabino/raspberry_pico_pi/pico-sdk/src/rp2_common/hardware_irq/irq.c.obj
                0x10000680                irq_set_pending
 .text.irq_get_vtable_handler
                0x10000690       0x10 CMakeFiles/midiMe.dir/Users/sabino/raspberry_pico_pi/pico-sdk/src/rp2_common/hardware_irq/irq.c.obj
                0x10000690                irq_get_vtable_handler
 .text.irq_has_shared_handler
                0x100006a0       0x24 CMakeFiles/midiMe.dir/Users/sabino/raspberry_pico_pi/pico-sdk/src/rp2_common/hardware_irq/irq.c.obj
                0x100006a0                irq_has_shared_handler
 .text.irq_set_exclusive_handler
                0x100006c4       0x54 CMakeFiles/midiMe.dir/Users/sabino/raspberry_pico_pi/pico-sdk/src/rp2_common/hardware_irq/irq.c.obj
                0x100006c4                irq_set_exclusive_handler
 .text.irq_add_shared_handler
                0x10000718      0x210 CMakeFiles/midiMe.dir/Users/sabino/raspberry_pico_pi/pico-sdk/src/rp2_common/hardware_irq/irq.c.obj
                0x10000718                irq_add_shared_handler
 .text.irq_remove_handler
                0x10000928      0x188 CMakeFiles/midiMe.dir/Users/sabino/raspberry_pico_pi/pico-sdk/src/rp2_common/hardware_irq/irq.c.obj
                0x10000928                irq_remove_handler
 .text.irq_add_tail_to_free_list
                0x10000ab0       0xf0 CMakeFiles/midiMe.dir/Users/sabino/raspberry_pico_pi/pico-sdk/src/rp2_common/hardware_irq/irq.c.obj
                0x10000ab0                irq_add_tail_to_free_list
 .text.irq_init_priorities
                0x10000ba0       0x1c CMakeFiles/midiMe.dir/Users/sabino/raspberry_pico_pi/pico-sdk/src/rp2_common/hardware_irq/irq.c.obj
                0x10000ba0                irq_init_priorities
 .text.user_irq_claim_unused
                0x10000bbc       0x2c CMakeFiles/midiMe.dir/Users/sabino/raspberry_pico_pi/pico-sdk/src/rp2_common/hardware_irq/irq.c.obj
                0x10000bbc                user_irq_claim_unused
 .text.lock_init
                0x10000be8       0x10 CMakeFiles/midiMe.dir/Users/sabino/raspberry_pico_pi/pico-sdk/src/common/pico_sync/lock_core.c.obj
                0x10000be8                lock_init
 .text.update_us_since_boot
                0x10000bf8       0x24 CMakeFiles/midiMe.dir/Users/sabino/raspberry_pico_pi/pico-sdk/src/common/pico_sync/mutex.c.obj
 .text.delayed_by_ms
                0x10000c1c       0x44 CMakeFiles/midiMe.dir/Users/sabino/raspberry_pico_pi/pico-sdk/src/common/pico_sync/mutex.c.obj
 .text.get_absolute_time
                0x10000c60       0x22 CMakeFiles/midiMe.dir/Users/sabino/raspberry_pico_pi/pico-sdk/src/common/pico_sync/mutex.c.obj
 .text.make_timeout_time_ms
                0x10000c82       0x20 CMakeFiles/midiMe.dir/Users/sabino/raspberry_pico_pi/pico-sdk/src/common/pico_sync/mutex.c.obj
 .text.mutex_init
                0x10000ca2       0x1a CMakeFiles/midiMe.dir/Users/sabino/raspberry_pico_pi/pico-sdk/src/common/pico_sync/mutex.c.obj
                0x10000ca2                mutex_init
 .text.recursive_mutex_init
                0x10000cbc       0x1e CMakeFiles/midiMe.dir/Users/sabino/raspberry_pico_pi/pico-sdk/src/common/pico_sync/mutex.c.obj
                0x10000cbc                recursive_mutex_init
 *fill*         0x10000cda        0x2 
 .text.critical_section_init_with_lock_num
                0x10000cdc       0x14 CMakeFiles/midiMe.dir/Users/sabino/raspberry_pico_pi/pico-sdk/src/common/pico_sync/critical_section.c.obj
                0x10000cdc                critical_section_init_with_lock_num
 .text.critical_section_init
                0x10000cf0       0x14 CMakeFiles/midiMe.dir/Users/sabino/raspberry_pico_pi/pico-sdk/src/common/pico_sync/critical_section.c.obj
                0x10000cf0                critical_section_init
 .text.time_reached
                0x10000d04       0x28 CMakeFiles/midiMe.dir/Users/sabino/raspberry_pico_pi/pico-sdk/src/common/pico_time/time.c.obj
 .text.get_entry
                0x10000d2c       0x38 CMakeFiles/midiMe.dir/Users/sabino/raspberry_pico_pi/pico-sdk/src/common/pico_time/time.c.obj
 .text.timer_pool_entry_comparator
                0x10000d64       0x2e CMakeFiles/midiMe.dir/Users/sabino/raspberry_pico_pi/pico-sdk/src/common/pico_time/time.c.obj
                0x10000d64                timer_pool_entry_comparator
 *fill*         0x10000d92        0x2 
 .text.update_us_since_boot
                0x10000d94       0x24 CMakeFiles/midiMe.dir/Users/sabino/raspberry_pico_pi/pico-sdk/src/common/pico_time/time.c.obj
 .text.delayed_by_us
                0x10000db8       0x34 CMakeFiles/midiMe.dir/Users/sabino/raspberry_pico_pi/pico-sdk/src/common/pico_time/time.c.obj
 .text.ph_get_node
                0x10000dec       0x30 CMakeFiles/midiMe.dir/Users/sabino/raspberry_pico_pi/pico-sdk/src/common/pico_time/time.c.obj
 .text.ph_contains_node
                0x10000e1c       0x1e CMakeFiles/midiMe.dir/Users/sabino/raspberry_pico_pi/pico-sdk/src/common/pico_time/time.c.obj
 .text.ph_new_node
                0x10000e3a       0x28 CMakeFiles/midiMe.dir/Users/sabino/raspberry_pico_pi/pico-sdk/src/common/pico_time/time.c.obj
 *fill*         0x10000e62        0x2 
 .text.ph_add_child_node
                0x10000e64       0x6c CMakeFiles/midiMe.dir/Users/sabino/raspberry_pico_pi/pico-sdk/src/common/pico_time/time.c.obj
 .text.ph_merge_nodes
                0x10000ed0       0x3e CMakeFiles/midiMe.dir/Users/sabino/raspberry_pico_pi/pico-sdk/src/common/pico_time/time.c.obj
 *fill*         0x10000f0e        0x2 
 .text.ph_insert_node
                0x10000f10       0x3c CMakeFiles/midiMe.dir/Users/sabino/raspberry_pico_pi/pico-sdk/src/common/pico_time/time.c.obj
 .text.ph_free_node
                0x10000f4c       0x5c CMakeFiles/midiMe.dir/Users/sabino/raspberry_pico_pi/pico-sdk/src/common/pico_time/time.c.obj
 .text.get_entry_id_high
                0x10000fa8       0x30 CMakeFiles/midiMe.dir/Users/sabino/raspberry_pico_pi/pico-sdk/src/common/pico_time/time.c.obj
 .text.alarm_pool_post_alloc_init
                0x10000fd8       0x40 CMakeFiles/midiMe.dir/Users/sabino/raspberry_pico_pi/pico-sdk/src/common/pico_time/time.c.obj
 .text.sleep_until_callback
                0x10001018       0x30 CMakeFiles/midiMe.dir/Users/sabino/raspberry_pico_pi/pico-sdk/src/common/pico_time/time.c.obj
 .text.get_absolute_time
                0x10001048       0x22 CMakeFiles/midiMe.dir/Users/sabino/raspberry_pico_pi/pico-sdk/src/common/pico_time/time.c.obj
 *fill*         0x1000106a        0x2 
 .text.add_alarm_under_lock
                0x1000106c       0x94 CMakeFiles/midiMe.dir/Users/sabino/raspberry_pico_pi/pico-sdk/src/common/pico_time/time.c.obj
 .text.alarm_pool_alarm_callback
                0x10001100      0x210 CMakeFiles/midiMe.dir/Users/sabino/raspberry_pico_pi/pico-sdk/src/common/pico_time/time.c.obj
 .text.alarm_pool_init_default
                0x10001310       0x40 CMakeFiles/midiMe.dir/Users/sabino/raspberry_pico_pi/pico-sdk/src/common/pico_time/time.c.obj
                0x10001310                alarm_pool_init_default
 .text.alarm_pool_get_default
                0x10001350       0x2c CMakeFiles/midiMe.dir/Users/sabino/raspberry_pico_pi/pico-sdk/src/common/pico_time/time.c.obj
                0x10001350                alarm_pool_get_default
 .text.alarm_pool_add_alarm_at
                0x1000137c      0x10e CMakeFiles/midiMe.dir/Users/sabino/raspberry_pico_pi/pico-sdk/src/common/pico_time/time.c.obj
                0x1000137c                alarm_pool_add_alarm_at
 .text.add_alarm_at
                0x1000148a       0x2e CMakeFiles/midiMe.dir/Users/sabino/raspberry_pico_pi/pico-sdk/src/common/pico_time/time.c.obj
 .text.alarm_pool_cancel_alarm
                0x100014b8       0xa8 CMakeFiles/midiMe.dir/Users/sabino/raspberry_pico_pi/pico-sdk/src/common/pico_time/time.c.obj
                0x100014b8                alarm_pool_cancel_alarm
 .text.cancel_alarm
                0x10001560       0x10 CMakeFiles/midiMe.dir/Users/sabino/raspberry_pico_pi/pico-sdk/src/common/pico_time/time.c.obj
 .text.alarm_pool_core_num
                0x10001570        0x4 CMakeFiles/midiMe.dir/Users/sabino/raspberry_pico_pi/pico-sdk/src/common/pico_time/time.c.obj
                0x10001570                alarm_pool_core_num
 .text.best_effort_wfe_or_timeout
                0x10001574       0x44 CMakeFiles/midiMe.dir/Users/sabino/raspberry_pico_pi/pico-sdk/src/common/pico_time/time.c.obj
                0x10001574                best_effort_wfe_or_timeout
 .text.hardware_alarm_irq_handler
                0x100015b8       0x8c CMakeFiles/midiMe.dir/Users/sabino/raspberry_pico_pi/pico-sdk/src/rp2_common/hardware_timer/timer.c.obj
 .text.hardware_alarm_claim
                0x10001644       0x18 CMakeFiles/midiMe.dir/Users/sabino/raspberry_pico_pi/pico-sdk/src/rp2_common/hardware_timer/timer.c.obj
                0x10001644                hardware_alarm_claim
 .text.time_us_64
                0x1000165c       0x18 CMakeFiles/midiMe.dir/Users/sabino/raspberry_pico_pi/pico-sdk/src/rp2_common/hardware_timer/timer.c.obj
                0x1000165c                time_us_64
 .text.hardware_alarm_set_callback
                0x10001674       0x90 CMakeFiles/midiMe.dir/Users/sabino/raspberry_pico_pi/pico-sdk/src/rp2_common/hardware_timer/timer.c.obj
                0x10001674                hardware_alarm_set_callback
 .text.hardware_alarm_set_target
                0x10001704       0xe8 CMakeFiles/midiMe.dir/Users/sabino/raspberry_pico_pi/pico-sdk/src/rp2_common/hardware_timer/timer.c.obj
                0x10001704                hardware_alarm_set_target
 .text.hardware_alarm_cancel
                0x100017ec       0x40 CMakeFiles/midiMe.dir/Users/sabino/raspberry_pico_pi/pico-sdk/src/rp2_common/hardware_timer/timer.c.obj
                0x100017ec                hardware_alarm_cancel
 .text.ph_get_node
                0x1000182c       0x30 CMakeFiles/midiMe.dir/Users/sabino/raspberry_pico_pi/pico-sdk/src/common/pico_util/pheap.c.obj
 .text.ph_add_child_node
                0x1000185c       0x6c CMakeFiles/midiMe.dir/Users/sabino/raspberry_pico_pi/pico-sdk/src/common/pico_util/pheap.c.obj
 .text.ph_merge_nodes
                0x100018c8       0x3e CMakeFiles/midiMe.dir/Users/sabino/raspberry_pico_pi/pico-sdk/src/common/pico_util/pheap.c.obj
 .text.ph_clear
                0x10001906       0x34 CMakeFiles/midiMe.dir/Users/sabino/raspberry_pico_pi/pico-sdk/src/common/pico_util/pheap.c.obj
                0x10001906                ph_clear
 .text.ph_post_alloc_init
                0x1000193a        0xe CMakeFiles/midiMe.dir/Users/sabino/raspberry_pico_pi/pico-sdk/src/common/pico_util/pheap.c.obj
                0x1000193a                ph_post_alloc_init
 .text.ph_merge_two_pass
                0x10001948       0x5c CMakeFiles/midiMe.dir/Users/sabino/raspberry_pico_pi/pico-sdk/src/common/pico_util/pheap.c.obj
                0x10001948                ph_merge_two_pass
 .text.ph_remove_any_head
                0x100019a4       0xc0 CMakeFiles/midiMe.dir/Users/sabino/raspberry_pico_pi/pico-sdk/src/common/pico_util/pheap.c.obj
 .text.ph_remove_head
                0x10001a64       0x14 CMakeFiles/midiMe.dir/Users/sabino/raspberry_pico_pi/pico-sdk/src/common/pico_util/pheap.c.obj
                0x10001a64                ph_remove_head
 .text.ph_remove_and_free_node
                0x10001a78       0xa0 CMakeFiles/midiMe.dir/Users/sabino/raspberry_pico_pi/pico-sdk/src/common/pico_util/pheap.c.obj
                0x10001a78                ph_remove_and_free_node
 .text.clock_configure
                0x10001b18      0x108 CMakeFiles/midiMe.dir/Users/sabino/raspberry_pico_pi/pico-sdk/src/rp2_common/hardware_clocks/clocks.c.obj
                0x10001b18                clock_configure
 .text.clocks_init
                0x10001c20      0x100 CMakeFiles/midiMe.dir/Users/sabino/raspberry_pico_pi/pico-sdk/src/rp2_common/hardware_clocks/clocks.c.obj
                0x10001c20                clocks_init
 .text.pll_init
                0x10001d20      0x120 CMakeFiles/midiMe.dir/Users/sabino/raspberry_pico_pi/pico-sdk/src/rp2_common/hardware_pll/pll.c.obj
                0x10001d20                pll_init
 .text.watchdog_start_tick
                0x10001e40       0x10 CMakeFiles/midiMe.dir/Users/sabino/raspberry_pico_pi/pico-sdk/src/rp2_common/hardware_watchdog/watchdog.c.obj
                0x10001e40                watchdog_start_tick
 .text.watchdog_update
                0x10001e50       0x14 CMakeFiles/midiMe.dir/Users/sabino/raspberry_pico_pi/pico-sdk/src/rp2_common/hardware_watchdog/watchdog.c.obj
                0x10001e50                watchdog_update
 .text._watchdog_enable
                0x10001e64       0x78 CMakeFiles/midiMe.dir/Users/sabino/raspberry_pico_pi/pico-sdk/src/rp2_common/hardware_watchdog/watchdog.c.obj
                0x10001e64                _watchdog_enable
 .text.watchdog_reboot
                0x10001edc       0x48 CMakeFiles/midiMe.dir/Users/sabino/raspberry_pico_pi/pico-sdk/src/rp2_common/hardware_watchdog/watchdog.c.obj
                0x10001edc                watchdog_reboot
 .text.xosc_init
                0x10001f24       0x28 CMakeFiles/midiMe.dir/Users/sabino/raspberry_pico_pi/pico-sdk/src/rp2_common/hardware_xosc/xosc.c.obj
                0x10001f24                xosc_init
 .text._exit    0x10001f4c        0x4 CMakeFiles/midiMe.dir/Users/sabino/raspberry_pico_pi/pico-sdk/src/rp2_common/pico_runtime/runtime.c.obj
                0x10001f4c                _exit
 .text.exit     0x10001f50        0x6 CMakeFiles/midiMe.dir/Users/sabino/raspberry_pico_pi/pico-sdk/src/rp2_common/pico_runtime/runtime.c.obj
                0x10001f50                exit
 *fill*         0x10001f56        0x2 
 .text.__assert_func
                0x10001f58       0x38 CMakeFiles/midiMe.dir/Users/sabino/raspberry_pico_pi/pico-sdk/src/rp2_common/pico_runtime/runtime.c.obj
                0x10001f58                __assert_func
 .text.runtime_init
                0x10001f90       0xf8 CMakeFiles/midiMe.dir/Users/sabino/raspberry_pico_pi/pico-sdk/src/rp2_common/pico_runtime/runtime.c.obj
                0x10001f90                runtime_init
 .text.update_us_since_boot
                0x10002088       0x24 CMakeFiles/midiMe.dir/Users/sabino/raspberry_pico_pi/pico-sdk/src/rp2_common/pico_runtime/runtime.c.obj
 .text.get_absolute_time
                0x100020ac       0x22 CMakeFiles/midiMe.dir/Users/sabino/raspberry_pico_pi/pico-sdk/src/rp2_common/pico_runtime/runtime.c.obj
 *fill*         0x100020ce        0x2 
 .text._times   0x100020d0       0x2c CMakeFiles/midiMe.dir/Users/sabino/raspberry_pico_pi/pico-sdk/src/rp2_common/pico_runtime/runtime.c.obj
                0x100020d0                _times
 .text.panic    0x100020fc       0x30 CMakeFiles/midiMe.dir/Users/sabino/raspberry_pico_pi/pico-sdk/src/rp2_common/pico_runtime/runtime.c.obj
                0x100020fc                panic
 .text._out_null
                0x1000212c        0x2 CMakeFiles/midiMe.dir/Users/sabino/raspberry_pico_pi/pico-sdk/src/rp2_common/pico_printf/printf.c.obj
 .text._out_fct
                0x1000212e        0xe CMakeFiles/midiMe.dir/Users/sabino/raspberry_pico_pi/pico-sdk/src/rp2_common/pico_printf/printf.c.obj
 .text._atoi    0x1000213c       0x24 CMakeFiles/midiMe.dir/Users/sabino/raspberry_pico_pi/pico-sdk/src/rp2_common/pico_printf/printf.c.obj
 .text._out_rev
                0x10002160       0xae CMakeFiles/midiMe.dir/Users/sabino/raspberry_pico_pi/pico-sdk/src/rp2_common/pico_printf/printf.c.obj
 .text._ntoa_format
                0x1000220e      0x110 CMakeFiles/midiMe.dir/Users/sabino/raspberry_pico_pi/pico-sdk/src/rp2_common/pico_printf/printf.c.obj
 .text._ntoa_long
                0x1000231e       0xbc CMakeFiles/midiMe.dir/Users/sabino/raspberry_pico_pi/pico-sdk/src/rp2_common/pico_printf/printf.c.obj
 .text._ntoa_long_long
                0x100023da      0x10e CMakeFiles/midiMe.dir/Users/sabino/raspberry_pico_pi/pico-sdk/src/rp2_common/pico_printf/printf.c.obj
 .text._etoa    0x100024e8      0x420 CMakeFiles/midiMe.dir/Users/sabino/raspberry_pico_pi/pico-sdk/src/rp2_common/pico_printf/printf.c.obj
 .text._ftoa    0x10002908      0x354 CMakeFiles/midiMe.dir/Users/sabino/raspberry_pico_pi/pico-sdk/src/rp2_common/pico_printf/printf.c.obj
 .text._vsnprintf
                0x10002c5c      0x668 CMakeFiles/midiMe.dir/Users/sabino/raspberry_pico_pi/pico-sdk/src/rp2_common/pico_printf/printf.c.obj
 .text.vfctprintf
                0x100032c4       0x20 CMakeFiles/midiMe.dir/Users/sabino/raspberry_pico_pi/pico-sdk/src/rp2_common/pico_printf/printf.c.obj
                0x100032c4                vfctprintf
 .text          0x100032e4       0x10 CMakeFiles/midiMe.dir/Users/sabino/raspberry_pico_pi/pico-sdk/src/rp2_common/pico_bit_ops/bit_ops_aeabi.S.obj
 .text.rom_func_lookup
                0x100032f4       0x10 CMakeFiles/midiMe.dir/Users/sabino/raspberry_pico_pi/pico-sdk/src/rp2_common/pico_bootrom/bootrom.c.obj
                0x100032f4                rom_func_lookup
 .text.rom_data_lookup
                0x10003304       0x10 CMakeFiles/midiMe.dir/Users/sabino/raspberry_pico_pi/pico-sdk/src/rp2_common/pico_bootrom/bootrom.c.obj
                0x10003304                rom_data_lookup
 .text.rom_funcs_lookup
                0x10003314       0x36 CMakeFiles/midiMe.dir/Users/sabino/raspberry_pico_pi/pico-sdk/src/rp2_common/pico_bootrom/bootrom.c.obj
                0x10003314                rom_funcs_lookup
 *fill*         0x1000334a        0x2 
 .text.__wrap___aeabi_idiv
                0x1000334c       0x50 CMakeFiles/midiMe.dir/Users/sabino/raspberry_pico_pi/pico-sdk/src/rp2_common/pico_divider/divider.S.obj
                0x1000334c                __wrap___aeabi_idivmod
                0x1000334c                divmod_s32s32
                0x1000334c                div_s32s32
                0x1000334c                __wrap___aeabi_idiv
                0x10003354                divmod_s32s32_unsafe
                0x10003380                divmod_s32s32_savestate
 .text.__wrap___aeabi_uidiv
                0x1000339c       0x4c CMakeFiles/midiMe.dir/Users/sabino/raspberry_pico_pi/pico-sdk/src/rp2_common/pico_divider/divider.S.obj
                0x1000339c                __wrap___aeabi_uidiv
                0x1000339c                __wrap___aeabi_uidivmod
                0x1000339c                div_u32u32
                0x1000339c                divmod_u32u32
                0x100033a4                divmod_u32u32_unsafe
                0x100033cc                divmod_u32u32_savestate
 .text.__wrap___aeabi_ldiv
                0x100033e8      0x424 CMakeFiles/midiMe.dir/Users/sabino/raspberry_pico_pi/pico-sdk/src/rp2_common/pico_divider/divider.S.obj
                0x100033e8                __wrap___aeabi_ldivmod
                0x100033e8                div_s64s64
                0x100033e8                divmod_s64s64
                0x10003418                divmod_u64u64
                0x10003418                div_u64u64
                0x10003418                __wrap___aeabi_uldivmod
                0x10003428                divmod_u64u64_savestate
                0x10003448                divmod_s64s64_unsafe
                0x100034d0                divmod_u64u64_unsafe
 .text.__wrap___aeabi_darithmetic
                0x1000380c       0x80 CMakeFiles/midiMe.dir/Users/sabino/raspberry_pico_pi/pico-sdk/src/rp2_common/pico_double/double_aeabi.S.obj
                0x1000380c                __wrap___aeabi_drsub
                0x10003812                __wrap___aeabi_dsub
                0x10003824                __wrap___aeabi_dadd
                0x10003836                __wrap___aeabi_ddiv
                0x10003872                __wrap___aeabi_dmul
 .text.__wrap___aeabi_cdcmple
                0x1000388c       0x6c CMakeFiles/midiMe.dir/Users/sabino/raspberry_pico_pi/pico-sdk/src/rp2_common/pico_double/double_aeabi.S.obj
                0x1000388c                __wrap___aeabi_cdrcmple
                0x1000389c                __wrap___aeabi_cdcmple
                0x1000389c                __wrap___aeabi_cdcmpeq
 .text.__wrap___aeabi_dcmplt
                0x100038f8        0xc CMakeFiles/midiMe.dir/Users/sabino/raspberry_pico_pi/pico-sdk/src/rp2_common/pico_double/double_aeabi.S.obj
                0x100038f8                __wrap___aeabi_dcmplt
 .text.__wrap___aeabi_dcmple
                0x10003904       0x10 CMakeFiles/midiMe.dir/Users/sabino/raspberry_pico_pi/pico-sdk/src/rp2_common/pico_double/double_aeabi.S.obj
                0x10003904                __wrap___aeabi_dcmple
 .text.__wrap___aeabi_dcmpge
                0x10003914       0x10 CMakeFiles/midiMe.dir/Users/sabino/raspberry_pico_pi/pico-sdk/src/rp2_common/pico_double/double_aeabi.S.obj
                0x10003914                __wrap___aeabi_dcmpge
 .text.__wrap___aeabi_dcmpgt
                0x10003924        0xa CMakeFiles/midiMe.dir/Users/sabino/raspberry_pico_pi/pico-sdk/src/rp2_common/pico_double/double_aeabi.S.obj
                0x10003924                __wrap___aeabi_dcmpgt
 .text.__wrap___aeabi_dcmpun
                0x1000392e       0x1c CMakeFiles/midiMe.dir/Users/sabino/raspberry_pico_pi/pico-sdk/src/rp2_common/pico_double/double_aeabi.S.obj
                0x1000392e                __wrap___aeabi_dcmpun
 *fill*         0x1000394a        0x2 
 .text.__wrap___aeabi_i2d
                0x1000394c       0x38 CMakeFiles/midiMe.dir/Users/sabino/raspberry_pico_pi/pico-sdk/src/rp2_common/pico_double/double_aeabi.S.obj
                0x1000394c                __wrap___aeabi_ui2d
                0x10003954                __wrap___aeabi_i2d
 .text.__wrap___aeabi_d2iz
                0x10003984       0x48 CMakeFiles/midiMe.dir/Users/sabino/raspberry_pico_pi/pico-sdk/src/rp2_common/pico_double/double_aeabi.S.obj
                0x10003984                __wrap___aeabi_d2iz
                0x10003984                double2int_z
 .text.__wrap___aeabi_d2uiz
                0x100039cc       0x18 CMakeFiles/midiMe.dir/Users/sabino/raspberry_pico_pi/pico-sdk/src/rp2_common/pico_double/double_aeabi.S.obj
                0x100039cc                double2uint
                0x100039cc                __wrap___aeabi_d2uiz
 .text.__aeabi_double_init
                0x100039e4       0xcc CMakeFiles/midiMe.dir/Users/sabino/raspberry_pico_pi/pico-sdk/src/rp2_common/pico_double/double_init_rom.c.obj
                0x100039e4                __aeabi_double_init
 .text.double_table_shim_on_use_helper
                0x10003ab0       0x34 CMakeFiles/midiMe.dir/Users/sabino/raspberry_pico_pi/pico-sdk/src/rp2_common/pico_double/double_v1_rom_shim.S.obj
                0x10003ab0                double_table_shim_on_use_helper
 .text.__wrap___aeabi_dsub
                0x10003ae4       0x10 CMakeFiles/midiMe.dir/Users/sabino/raspberry_pico_pi/pico-sdk/src/rp2_common/pico_double/double_v1_rom_shim.S.obj
                0x10003ae4                drsub_shim
                0x10003aea                dsub_shim
 .text.dadd_shim
                0x10003af4      0x15c CMakeFiles/midiMe.dir/Users/sabino/raspberry_pico_pi/pico-sdk/src/rp2_common/pico_double/double_v1_rom_shim.S.obj
                0x10003af4                dadd_shim
 .text.dmul_shim
                0x10003c50      0x15c CMakeFiles/midiMe.dir/Users/sabino/raspberry_pico_pi/pico-sdk/src/rp2_common/pico_double/double_v1_rom_shim.S.obj
                0x10003c50                dmul_shim
 .text.ddiv_shim
                0x10003dac      0x1b0 CMakeFiles/midiMe.dir/Users/sabino/raspberry_pico_pi/pico-sdk/src/rp2_common/pico_double/double_v1_rom_shim.S.obj
                0x10003dac                ddiv_shim
 .text.double2uint_shim
                0x10003f5c        0xe CMakeFiles/midiMe.dir/Users/sabino/raspberry_pico_pi/pico-sdk/src/rp2_common/pico_double/double_v1_rom_shim.S.obj
                0x10003f5c                double2uint_shim
                0x10003f5e                double2ufix_shim
 *fill*         0x10003f6a        0x2 
 .text.double2uint64_shim
                0x10003f6c       0x70 CMakeFiles/midiMe.dir/Users/sabino/raspberry_pico_pi/pico-sdk/src/rp2_common/pico_double/double_v1_rom_shim.S.obj
                0x10003f6c                double2uint64_shim
                0x10003f6e                double2ufix64_shim
                0x10003f8e                d2fix_a
 .text.dunpacks
                0x10003fdc       0x3c CMakeFiles/midiMe.dir/Users/sabino/raspberry_pico_pi/pico-sdk/src/rp2_common/pico_double/double_v1_rom_shim.S.obj
                0x10003fdc                dunpacks
 .text.__aeabi_lmul
                0x10004018       0x32 CMakeFiles/midiMe.dir/Users/sabino/raspberry_pico_pi/pico-sdk/src/rp2_common/pico_int64_ops/pico_int64_ops_aeabi.S.obj
                0x10004018                __wrap___aeabi_lmul
 *fill*         0x1000404a        0x2 
 .text.__aeabi_float_init
                0x1000404c       0xfc CMakeFiles/midiMe.dir/Users/sabino/raspberry_pico_pi/pico-sdk/src/rp2_common/pico_float/float_init_rom.c.obj
                0x1000404c                __aeabi_float_init
 .text.float_table_shim_on_use_helper
                0x10004148       0x34 CMakeFiles/midiMe.dir/Users/sabino/raspberry_pico_pi/pico-sdk/src/rp2_common/pico_float/float_v1_rom_shim.S.obj
                0x10004148                float_table_shim_on_use_helper
 .text          0x1000417c       0x10 CMakeFiles/midiMe.dir/Users/sabino/raspberry_pico_pi/pico-sdk/src/rp2_common/pico_mem_ops/mem_ops_aeabi.S.obj
                0x1000417c                __aeabi_mem_init
 .text.memset   0x1000418c        0xc CMakeFiles/midiMe.dir/Users/sabino/raspberry_pico_pi/pico-sdk/src/rp2_common/pico_mem_ops/mem_ops_aeabi.S.obj
                0x1000418c                __wrap_memset
 .text.memcpy   0x10004198        0xc CMakeFiles/midiMe.dir/Users/sabino/raspberry_pico_pi/pico-sdk/src/rp2_common/pico_mem_ops/mem_ops_aeabi.S.obj
                0x10004198                __wrap___aeabi_memcpy
                0x10004198                __wrap_memcpy
 .text.stdio_out_chars_no_crlf
                0x100041a4        0xe CMakeFiles/midiMe.dir/Users/sabino/raspberry_pico_pi/pico-sdk/src/rp2_common/pico_stdio/stdio.c.obj
 *fill*         0x100041b2        0x2 
 .text.stdio_out_chars_crlf
                0x100041b4       0x80 CMakeFiles/midiMe.dir/Users/sabino/raspberry_pico_pi/pico-sdk/src/rp2_common/pico_stdio/stdio.c.obj
 .text.stdio_stack_buffer_flush
                0x10004234       0x44 CMakeFiles/midiMe.dir/Users/sabino/raspberry_pico_pi/pico-sdk/src/rp2_common/pico_stdio/stdio.c.obj
 .text.stdio_buffered_printer
                0x10004278       0x20 CMakeFiles/midiMe.dir/Users/sabino/raspberry_pico_pi/pico-sdk/src/rp2_common/pico_stdio/stdio.c.obj
 .text.update_us_since_boot
                0x10004298       0x24 CMakeFiles/midiMe.dir/Users/sabino/raspberry_pico_pi/pico-sdk/src/rp2_common/pico_stdio/stdio.c.obj
 .text.get_absolute_time
                0x100042bc       0x22 CMakeFiles/midiMe.dir/Users/sabino/raspberry_pico_pi/pico-sdk/src/rp2_common/pico_stdio/stdio.c.obj
 *fill*         0x100042de        0x2 
 .text.delayed_by_ms
                0x100042e0       0x44 CMakeFiles/midiMe.dir/Users/sabino/raspberry_pico_pi/pico-sdk/src/rp2_common/pico_stdio/stdio.c.obj
 .text.make_timeout_time_ms
                0x10004324       0x20 CMakeFiles/midiMe.dir/Users/sabino/raspberry_pico_pi/pico-sdk/src/rp2_common/pico_stdio/stdio.c.obj
 .text.stdout_serialize_begin
                0x10004344       0x20 CMakeFiles/midiMe.dir/Users/sabino/raspberry_pico_pi/pico-sdk/src/rp2_common/pico_stdio/stdio.c.obj
                0x10004344                stdout_serialize_begin
 .text.stdout_serialize_end
                0x10004364       0x10 CMakeFiles/midiMe.dir/Users/sabino/raspberry_pico_pi/pico-sdk/src/rp2_common/pico_stdio/stdio.c.obj
                0x10004364                stdout_serialize_end
 .text.stdio_put_string
                0x10004374       0x98 CMakeFiles/midiMe.dir/Users/sabino/raspberry_pico_pi/pico-sdk/src/rp2_common/pico_stdio/stdio.c.obj
 .text.__wrap_putchar
                0x1000440c       0x1c CMakeFiles/midiMe.dir/Users/sabino/raspberry_pico_pi/pico-sdk/src/rp2_common/pico_stdio/stdio.c.obj
                0x1000440c                __wrap_putchar
 .text.stdio_set_driver_enabled
                0x10004428       0x2c CMakeFiles/midiMe.dir/Users/sabino/raspberry_pico_pi/pico-sdk/src/rp2_common/pico_stdio/stdio.c.obj
                0x10004428                stdio_set_driver_enabled
 .text.stdio_flush
                0x10004454       0x20 CMakeFiles/midiMe.dir/Users/sabino/raspberry_pico_pi/pico-sdk/src/rp2_common/pico_stdio/stdio.c.obj
                0x10004454                stdio_flush
 .text.__wrap_puts
                0x10004474       0x1e CMakeFiles/midiMe.dir/Users/sabino/raspberry_pico_pi/pico-sdk/src/rp2_common/pico_stdio/stdio.c.obj
                0x10004474                __wrap_puts
 *fill*         0x10004492        0x2 
 .text.__wrap_vprintf
                0x10004494       0x40 CMakeFiles/midiMe.dir/Users/sabino/raspberry_pico_pi/pico-sdk/src/rp2_common/pico_stdio/stdio.c.obj
                0x10004494                __wrap_vprintf
 .text.__wrap_printf
                0x100044d4       0x18 CMakeFiles/midiMe.dir/Users/sabino/raspberry_pico_pi/pico-sdk/src/rp2_common/pico_stdio/stdio.c.obj
                0x100044d4                __wrap_printf
 .text.stdio_init_all
                0x100044ec        0x8 CMakeFiles/midiMe.dir/Users/sabino/raspberry_pico_pi/pico-sdk/src/rp2_common/pico_stdio/stdio.c.obj
                0x100044ec                stdio_init_all
 .text.resetd_init
                0x100044f4        0x2 CMakeFiles/midiMe.dir/Users/sabino/raspberry_pico_pi/pico-sdk/src/rp2_common/pico_stdio_usb/reset_interface.c.obj
 *fill*         0x100044f6        0x2 
 .text.resetd_reset
                0x100044f8        0xc CMakeFiles/midiMe.dir/Users/sabino/raspberry_pico_pi/pico-sdk/src/rp2_common/pico_stdio_usb/reset_interface.c.obj
 .text.resetd_open
                0x10004504       0x34 CMakeFiles/midiMe.dir/Users/sabino/raspberry_pico_pi/pico-sdk/src/rp2_common/pico_stdio_usb/reset_interface.c.obj
 .text.resetd_xfer_cb
                0x10004538        0x4 CMakeFiles/midiMe.dir/Users/sabino/raspberry_pico_pi/pico-sdk/src/rp2_common/pico_stdio_usb/reset_interface.c.obj
 .text.reset_usb_boot
                0x1000453c       0x18 CMakeFiles/midiMe.dir/Users/sabino/raspberry_pico_pi/pico-sdk/src/rp2_common/pico_stdio_usb/reset_interface.c.obj
 .text.resetd_control_xfer_cb
                0x10004554       0x5c CMakeFiles/midiMe.dir/Users/sabino/raspberry_pico_pi/pico-sdk/src/rp2_common/pico_stdio_usb/reset_interface.c.obj
 .text.usbd_app_driver_get_cb
                0x100045b0        0xc CMakeFiles/midiMe.dir/Users/sabino/raspberry_pico_pi/pico-sdk/src/rp2_common/pico_stdio_usb/reset_interface.c.obj
                0x100045b0                usbd_app_driver_get_cb
 .text.tud_cdc_line_coding_cb
                0x100045bc       0x28 CMakeFiles/midiMe.dir/Users/sabino/raspberry_pico_pi/pico-sdk/src/rp2_common/pico_stdio_usb/reset_interface.c.obj
                0x100045bc                tud_cdc_line_coding_cb
 .text.stdio_usb_set_chars_available_callback
                0x100045e4       0x14 CMakeFiles/midiMe.dir/Users/sabino/raspberry_pico_pi/pico-sdk/src/rp2_common/pico_stdio_usb/stdio_usb.c.obj
                0x100045e4                stdio_usb_set_chars_available_callback
 .text.update_us_since_boot
                0x100045f8       0x24 CMakeFiles/midiMe.dir/Users/sabino/raspberry_pico_pi/pico-sdk/src/rp2_common/pico_stdio_usb/stdio_usb.c.obj
 .text.get_absolute_time
                0x1000461c       0x22 CMakeFiles/midiMe.dir/Users/sabino/raspberry_pico_pi/pico-sdk/src/rp2_common/pico_stdio_usb/stdio_usb.c.obj
 *fill*         0x1000463e        0x2 
 .text.delayed_by_ms
                0x10004640       0x44 CMakeFiles/midiMe.dir/Users/sabino/raspberry_pico_pi/pico-sdk/src/rp2_common/pico_stdio_usb/stdio_usb.c.obj
 .text.make_timeout_time_ms
                0x10004684       0x20 CMakeFiles/midiMe.dir/Users/sabino/raspberry_pico_pi/pico-sdk/src/rp2_common/pico_stdio_usb/stdio_usb.c.obj
 .text.delayed_by_us
                0x100046a4       0x34 CMakeFiles/midiMe.dir/Users/sabino/raspberry_pico_pi/pico-sdk/src/rp2_common/pico_stdio_usb/stdio_usb.c.obj
 .text.usb_irq  0x100046d8       0x10 CMakeFiles/midiMe.dir/Users/sabino/raspberry_pico_pi/pico-sdk/src/rp2_common/pico_stdio_usb/stdio_usb.c.obj
 .text.critical_section_enter_blocking
                0x100046e8       0x16 CMakeFiles/midiMe.dir/Users/sabino/raspberry_pico_pi/pico-sdk/src/rp2_common/pico_stdio_usb/stdio_usb.c.obj
 *fill*         0x100046fe        0x2 
 .text.timer_task
                0x10004700       0x4c CMakeFiles/midiMe.dir/Users/sabino/raspberry_pico_pi/pico-sdk/src/rp2_common/pico_stdio_usb/stdio_usb.c.obj
 .text.alarm_pool_add_alarm_in_us
                0x1000474c       0x3a CMakeFiles/midiMe.dir/Users/sabino/raspberry_pico_pi/pico-sdk/src/rp2_common/pico_stdio_usb/stdio_usb.c.obj
 .text.add_alarm_in_us
                0x10004786       0x2e CMakeFiles/midiMe.dir/Users/sabino/raspberry_pico_pi/pico-sdk/src/rp2_common/pico_stdio_usb/stdio_usb.c.obj
 .text.low_priority_worker_irq
                0x100047b4       0x7c CMakeFiles/midiMe.dir/Users/sabino/raspberry_pico_pi/pico-sdk/src/rp2_common/pico_stdio_usb/stdio_usb.c.obj
 .text.tud_cdc_rx_cb
                0x10004830       0x20 CMakeFiles/midiMe.dir/Users/sabino/raspberry_pico_pi/pico-sdk/src/rp2_common/pico_stdio_usb/stdio_usb.c.obj
                0x10004830                tud_cdc_rx_cb
 .text.stdio_usb_init
                0x10004850       0xd0 CMakeFiles/midiMe.dir/Users/sabino/raspberry_pico_pi/pico-sdk/src/rp2_common/pico_stdio_usb/stdio_usb.c.obj
                0x10004850                stdio_usb_init
 .text.stdio_usb_connected
                0x10004920        0xa CMakeFiles/midiMe.dir/Users/sabino/raspberry_pico_pi/pico-sdk/src/rp2_common/pico_stdio_usb/stdio_usb.c.obj
                0x10004920                stdio_usb_connected
 *fill*         0x1000492a        0x2 
 .text.stdio_usb_in_chars
                0x1000492c       0x88 CMakeFiles/midiMe.dir/Users/sabino/raspberry_pico_pi/pico-sdk/src/rp2_common/pico_stdio_usb/stdio_usb.c.obj
                0x1000492c                stdio_usb_in_chars
 .text.stdio_usb_out_chars
                0x100049b4       0xd8 CMakeFiles/midiMe.dir/Users/sabino/raspberry_pico_pi/pico-sdk/src/rp2_common/pico_stdio_usb/stdio_usb.c.obj
 .text.tud_descriptor_device_cb
                0x10004a8c        0x8 CMakeFiles/midiMe.dir/Users/sabino/raspberry_pico_pi/pico-sdk/src/rp2_common/pico_stdio_usb/stdio_usb_descriptors.c.obj
                0x10004a8c                tud_descriptor_device_cb
 .text.tud_descriptor_configuration_cb
                0x10004a94        0x8 CMakeFiles/midiMe.dir/Users/sabino/raspberry_pico_pi/pico-sdk/src/rp2_common/pico_stdio_usb/stdio_usb_descriptors.c.obj
                0x10004a94                tud_descriptor_configuration_cb
 .text.tud_descriptor_string_cb
                0x10004a9c       0x6c CMakeFiles/midiMe.dir/Users/sabino/raspberry_pico_pi/pico-sdk/src/rp2_common/pico_stdio_usb/stdio_usb_descriptors.c.obj
                0x10004a9c                tud_descriptor_string_cb
 .text._retrieve_unique_id_on_boot
                0x10004b08       0x10 CMakeFiles/midiMe.dir/Users/sabino/raspberry_pico_pi/pico-sdk/src/rp2_common/pico_unique_id/unique_id.c.obj
 .text.pico_get_unique_board_id_string
                0x10004b18       0x5c CMakeFiles/midiMe.dir/Users/sabino/raspberry_pico_pi/pico-sdk/src/rp2_common/pico_unique_id/unique_id.c.obj
                0x10004b18                pico_get_unique_board_id_string
 .text.flash_get_unique_id
                0x10004b74       0x40 CMakeFiles/midiMe.dir/Users/sabino/raspberry_pico_pi/pico-sdk/src/rp2_common/hardware_flash/flash.c.obj
                0x10004b74                flash_get_unique_id
 .text.hw_endpoint_get_by_addr
                0x10004bb4       0x18 CMakeFiles/midiMe.dir/Users/sabino/raspberry_pico_pi/pico-sdk/lib/tinyusb/src/portable/raspberrypi/rp2040/dcd_rp2040.c.obj
 .text._hw_endpoint_alloc
                0x10004bcc       0x70 CMakeFiles/midiMe.dir/Users/sabino/raspberry_pico_pi/pico-sdk/lib/tinyusb/src/portable/raspberrypi/rp2040/dcd_rp2040.c.obj
 .text.hw_endpoint_init
                0x10004c3c       0x88 CMakeFiles/midiMe.dir/Users/sabino/raspberry_pico_pi/pico-sdk/lib/tinyusb/src/portable/raspberrypi/rp2040/dcd_rp2040.c.obj
 .text.dcd_event_sof
                0x10004cc4       0x2c CMakeFiles/midiMe.dir/Users/sabino/raspberry_pico_pi/pico-sdk/lib/tinyusb/src/portable/raspberrypi/rp2040/dcd_rp2040.c.obj
 .text.hw_endpoint_xfer
                0x10004cf0       0x14 CMakeFiles/midiMe.dir/Users/sabino/raspberry_pico_pi/pico-sdk/lib/tinyusb/src/portable/raspberrypi/rp2040/dcd_rp2040.c.obj
 .text.dcd_int_enable
                0x10004d04       0x2c CMakeFiles/midiMe.dir/Users/sabino/raspberry_pico_pi/pico-sdk/lib/tinyusb/src/portable/raspberrypi/rp2040/dcd_rp2040.c.obj
                0x10004d04                dcd_int_enable
 .text.dcd_set_address
                0x10004d30       0x2c CMakeFiles/midiMe.dir/Users/sabino/raspberry_pico_pi/pico-sdk/lib/tinyusb/src/portable/raspberrypi/rp2040/dcd_rp2040.c.obj
                0x10004d30                dcd_set_address
 .text.dcd_connect
                0x10004d5c       0x10 CMakeFiles/midiMe.dir/Users/sabino/raspberry_pico_pi/pico-sdk/lib/tinyusb/src/portable/raspberrypi/rp2040/dcd_rp2040.c.obj
                0x10004d5c                dcd_connect
 .text.dcd_init
                0x10004d6c       0x80 CMakeFiles/midiMe.dir/Users/sabino/raspberry_pico_pi/pico-sdk/lib/tinyusb/src/portable/raspberrypi/rp2040/dcd_rp2040.c.obj
                0x10004d6c                dcd_init
 .text.dcd_edpt0_status_complete
                0x10004dec       0x1c CMakeFiles/midiMe.dir/Users/sabino/raspberry_pico_pi/pico-sdk/lib/tinyusb/src/portable/raspberrypi/rp2040/dcd_rp2040.c.obj
                0x10004dec                dcd_edpt0_status_complete
 .text.dcd_edpt_open
                0x10004e08       0x40 CMakeFiles/midiMe.dir/Users/sabino/raspberry_pico_pi/pico-sdk/lib/tinyusb/src/portable/raspberrypi/rp2040/dcd_rp2040.c.obj
                0x10004e08                dcd_edpt_open
 .text.dcd_edpt_close_all
                0x10004e48        0x8 CMakeFiles/midiMe.dir/Users/sabino/raspberry_pico_pi/pico-sdk/lib/tinyusb/src/portable/raspberrypi/rp2040/dcd_rp2040.c.obj
                0x10004e48                dcd_edpt_close_all
 .text.dcd_edpt_xfer
                0x10004e50       0x34 CMakeFiles/midiMe.dir/Users/sabino/raspberry_pico_pi/pico-sdk/lib/tinyusb/src/portable/raspberrypi/rp2040/dcd_rp2040.c.obj
                0x10004e50                dcd_edpt_xfer
 .text.dcd_edpt_stall
                0x10004e84       0x2c CMakeFiles/midiMe.dir/Users/sabino/raspberry_pico_pi/pico-sdk/lib/tinyusb/src/portable/raspberrypi/rp2040/dcd_rp2040.c.obj
                0x10004e84                dcd_edpt_stall
 .text.dcd_edpt_clear_stall
                0x10004eb0       0x20 CMakeFiles/midiMe.dir/Users/sabino/raspberry_pico_pi/pico-sdk/lib/tinyusb/src/portable/raspberrypi/rp2040/dcd_rp2040.c.obj
                0x10004eb0                dcd_edpt_clear_stall
 .text.rp2040_usb_init
                0x10004ed0       0x4c CMakeFiles/midiMe.dir/Users/sabino/raspberry_pico_pi/pico-sdk/lib/tinyusb/src/portable/raspberrypi/rp2040/rp2040_usb.c.obj
                0x10004ed0                rp2040_usb_init
 .text.hw_endpoint_xfer_start
                0x10004f1c       0x50 CMakeFiles/midiMe.dir/Users/sabino/raspberry_pico_pi/pico-sdk/lib/tinyusb/src/portable/raspberrypi/rp2040/rp2040_usb.c.obj
                0x10004f1c                hw_endpoint_xfer_start
 .text.configuration_reset
                0x10004f6c       0x84 CMakeFiles/midiMe.dir/Users/sabino/raspberry_pico_pi/pico-sdk/lib/tinyusb/src/device/usbd.c.obj
 .text.critical_section_enter_blocking
                0x10004ff0       0x16 CMakeFiles/midiMe.dir/Users/sabino/raspberry_pico_pi/pico-sdk/lib/tinyusb/src/device/usbd.c.obj
 .text.usbd_reset
                0x10005006        0xc CMakeFiles/midiMe.dir/Users/sabino/raspberry_pico_pi/pico-sdk/lib/tinyusb/src/device/usbd.c.obj
 .text.invoke_class_control
                0x10005012       0x1a CMakeFiles/midiMe.dir/Users/sabino/raspberry_pico_pi/pico-sdk/lib/tinyusb/src/device/usbd.c.obj
 .text.process_set_config
                0x1000502c      0x178 CMakeFiles/midiMe.dir/Users/sabino/raspberry_pico_pi/pico-sdk/lib/tinyusb/src/device/usbd.c.obj
 .text.process_get_descriptor
                0x100051a4       0xdc CMakeFiles/midiMe.dir/Users/sabino/raspberry_pico_pi/pico-sdk/lib/tinyusb/src/device/usbd.c.obj
 .text.tud_mounted
                0x10005280       0x10 CMakeFiles/midiMe.dir/Users/sabino/raspberry_pico_pi/pico-sdk/lib/tinyusb/src/device/usbd.c.obj
                0x10005280                tud_mounted
 .text.tud_suspended
                0x10005290       0x10 CMakeFiles/midiMe.dir/Users/sabino/raspberry_pico_pi/pico-sdk/lib/tinyusb/src/device/usbd.c.obj
                0x10005290                tud_suspended
 .text.tud_inited
                0x100052a0       0x14 CMakeFiles/midiMe.dir/Users/sabino/raspberry_pico_pi/pico-sdk/lib/tinyusb/src/device/usbd.c.obj
                0x100052a0                tud_inited
 .text.tud_init
                0x100052b4       0xcc CMakeFiles/midiMe.dir/Users/sabino/raspberry_pico_pi/pico-sdk/lib/tinyusb/src/device/usbd.c.obj
                0x100052b4                tud_init
 .text.usbd_defer_func
                0x10005380       0x2a CMakeFiles/midiMe.dir/Users/sabino/raspberry_pico_pi/pico-sdk/lib/tinyusb/src/device/usbd.c.obj
                0x10005380                usbd_defer_func
 *fill*         0x100053aa        0x2 
 .text.usbd_edpt_open
                0x100053ac       0x34 CMakeFiles/midiMe.dir/Users/sabino/raspberry_pico_pi/pico-sdk/lib/tinyusb/src/device/usbd.c.obj
                0x100053ac                usbd_edpt_open
 .text.usbd_open_edpt_pair
                0x100053e0       0x62 CMakeFiles/midiMe.dir/Users/sabino/raspberry_pico_pi/pico-sdk/lib/tinyusb/src/device/usbd.c.obj
                0x100053e0                usbd_open_edpt_pair
 *fill*         0x10005442        0x2 
 .text.usbd_edpt_claim
                0x10005444       0x28 CMakeFiles/midiMe.dir/Users/sabino/raspberry_pico_pi/pico-sdk/lib/tinyusb/src/device/usbd.c.obj
                0x10005444                usbd_edpt_claim
 .text.usbd_edpt_release
                0x1000546c       0x28 CMakeFiles/midiMe.dir/Users/sabino/raspberry_pico_pi/pico-sdk/lib/tinyusb/src/device/usbd.c.obj
                0x1000546c                usbd_edpt_release
 .text.usbd_edpt_xfer
                0x10005494       0x78 CMakeFiles/midiMe.dir/Users/sabino/raspberry_pico_pi/pico-sdk/lib/tinyusb/src/device/usbd.c.obj
                0x10005494                usbd_edpt_xfer
 .text.usbd_edpt_stall
                0x1000550c       0x48 CMakeFiles/midiMe.dir/Users/sabino/raspberry_pico_pi/pico-sdk/lib/tinyusb/src/device/usbd.c.obj
                0x1000550c                usbd_edpt_stall
 .text.usbd_edpt_clear_stall
                0x10005554       0x48 CMakeFiles/midiMe.dir/Users/sabino/raspberry_pico_pi/pico-sdk/lib/tinyusb/src/device/usbd.c.obj
                0x10005554                usbd_edpt_clear_stall
 .text.usbd_edpt_stalled
                0x1000559c       0x1c CMakeFiles/midiMe.dir/Users/sabino/raspberry_pico_pi/pico-sdk/lib/tinyusb/src/device/usbd.c.obj
                0x1000559c                usbd_edpt_stalled
 .text.process_control_request
                0x100055b8      0x374 CMakeFiles/midiMe.dir/Users/sabino/raspberry_pico_pi/pico-sdk/lib/tinyusb/src/device/usbd.c.obj
 .text.tud_task_ext
                0x1000592c      0x1a8 CMakeFiles/midiMe.dir/Users/sabino/raspberry_pico_pi/pico-sdk/lib/tinyusb/src/device/usbd.c.obj
                0x1000592c                tud_task_ext
 .text._status_stage_xact
                0x10005ad4       0x1a CMakeFiles/midiMe.dir/Users/sabino/raspberry_pico_pi/pico-sdk/lib/tinyusb/src/device/usbd_control.c.obj
 *fill*         0x10005aee        0x2 
 .text._data_stage_xact
                0x10005af0       0x58 CMakeFiles/midiMe.dir/Users/sabino/raspberry_pico_pi/pico-sdk/lib/tinyusb/src/device/usbd_control.c.obj
 .text.tud_control_status
                0x10005b48       0x28 CMakeFiles/midiMe.dir/Users/sabino/raspberry_pico_pi/pico-sdk/lib/tinyusb/src/device/usbd_control.c.obj
                0x10005b48                tud_control_status
 .text.tud_control_xfer
                0x10005b70       0x68 CMakeFiles/midiMe.dir/Users/sabino/raspberry_pico_pi/pico-sdk/lib/tinyusb/src/device/usbd_control.c.obj
                0x10005b70                tud_control_xfer
 .text.usbd_control_reset
                0x10005bd8       0x14 CMakeFiles/midiMe.dir/Users/sabino/raspberry_pico_pi/pico-sdk/lib/tinyusb/src/device/usbd_control.c.obj
                0x10005bd8                usbd_control_reset
 .text.usbd_control_set_complete_callback
                0x10005bec        0xc CMakeFiles/midiMe.dir/Users/sabino/raspberry_pico_pi/pico-sdk/lib/tinyusb/src/device/usbd_control.c.obj
                0x10005bec                usbd_control_set_complete_callback
 .text.usbd_control_set_request
                0x10005bf8       0x1c CMakeFiles/midiMe.dir/Users/sabino/raspberry_pico_pi/pico-sdk/lib/tinyusb/src/device/usbd_control.c.obj
                0x10005bf8                usbd_control_set_request
 .text.usbd_control_xfer_cb
                0x10005c14       0xbc CMakeFiles/midiMe.dir/Users/sabino/raspberry_pico_pi/pico-sdk/lib/tinyusb/src/device/usbd_control.c.obj
                0x10005c14                usbd_control_xfer_cb
 .text._prep_out_transaction
                0x10005cd0       0x4a CMakeFiles/midiMe.dir/Users/sabino/raspberry_pico_pi/pico-sdk/lib/tinyusb/src/class/cdc/cdc_device.c.obj
 *fill*         0x10005d1a        0x2 
 .text.tud_cdc_n_connected
                0x10005d1c       0x38 CMakeFiles/midiMe.dir/Users/sabino/raspberry_pico_pi/pico-sdk/lib/tinyusb/src/class/cdc/cdc_device.c.obj
                0x10005d1c                tud_cdc_n_connected
 .text.tud_cdc_n_available
                0x10005d54       0x18 CMakeFiles/midiMe.dir/Users/sabino/raspberry_pico_pi/pico-sdk/lib/tinyusb/src/class/cdc/cdc_device.c.obj
                0x10005d54                tud_cdc_n_available
 .text.tud_cdc_n_read
                0x10005d6c       0x28 CMakeFiles/midiMe.dir/Users/sabino/raspberry_pico_pi/pico-sdk/lib/tinyusb/src/class/cdc/cdc_device.c.obj
                0x10005d6c                tud_cdc_n_read
 .text.tud_cdc_n_write_flush
                0x10005d94       0xb8 CMakeFiles/midiMe.dir/Users/sabino/raspberry_pico_pi/pico-sdk/lib/tinyusb/src/class/cdc/cdc_device.c.obj
                0x10005d94                tud_cdc_n_write_flush
 .text.tud_cdc_n_write
                0x10005e4c       0x38 CMakeFiles/midiMe.dir/Users/sabino/raspberry_pico_pi/pico-sdk/lib/tinyusb/src/class/cdc/cdc_device.c.obj
                0x10005e4c                tud_cdc_n_write
 .text.tud_cdc_n_write_available
                0x10005e84       0x1c CMakeFiles/midiMe.dir/Users/sabino/raspberry_pico_pi/pico-sdk/lib/tinyusb/src/class/cdc/cdc_device.c.obj
                0x10005e84                tud_cdc_n_write_available
 .text.cdcd_init
                0x10005ea0       0xbc CMakeFiles/midiMe.dir/Users/sabino/raspberry_pico_pi/pico-sdk/lib/tinyusb/src/class/cdc/cdc_device.c.obj
                0x10005ea0                cdcd_init
 .text.cdcd_reset
                0x10005f5c       0x44 CMakeFiles/midiMe.dir/Users/sabino/raspberry_pico_pi/pico-sdk/lib/tinyusb/src/class/cdc/cdc_device.c.obj
                0x10005f5c                cdcd_reset
 .text.cdcd_open
                0x10005fa0       0xc4 CMakeFiles/midiMe.dir/Users/sabino/raspberry_pico_pi/pico-sdk/lib/tinyusb/src/class/cdc/cdc_device.c.obj
                0x10005fa0                cdcd_open
 .text.cdcd_control_xfer_cb
                0x10006064      0x134 CMakeFiles/midiMe.dir/Users/sabino/raspberry_pico_pi/pico-sdk/lib/tinyusb/src/class/cdc/cdc_device.c.obj
                0x10006064                cdcd_control_xfer_cb
 .text.cdcd_xfer_cb
                0x10006198      0x130 CMakeFiles/midiMe.dir/Users/sabino/raspberry_pico_pi/pico-sdk/lib/tinyusb/src/class/cdc/cdc_device.c.obj
                0x10006198                cdcd_xfer_cb
 .text.tusb_init
                0x100062c8        0xa CMakeFiles/midiMe.dir/Users/sabino/raspberry_pico_pi/pico-sdk/lib/tinyusb/src/tusb.c.obj
                0x100062c8                tusb_init
 .text.tusb_inited
                0x100062d2        0xe CMakeFiles/midiMe.dir/Users/sabino/raspberry_pico_pi/pico-sdk/lib/tinyusb/src/tusb.c.obj
                0x100062d2                tusb_inited
 .text.tu_edpt_claim
                0x100062e0       0x50 CMakeFiles/midiMe.dir/Users/sabino/raspberry_pico_pi/pico-sdk/lib/tinyusb/src/tusb.c.obj
                0x100062e0                tu_edpt_claim
 .text.tu_edpt_release
                0x10006330       0x38 CMakeFiles/midiMe.dir/Users/sabino/raspberry_pico_pi/pico-sdk/lib/tinyusb/src/tusb.c.obj
                0x10006330                tu_edpt_release
 .text.tu_edpt_validate
                0x10006368       0x78 CMakeFiles/midiMe.dir/Users/sabino/raspberry_pico_pi/pico-sdk/lib/tinyusb/src/tusb.c.obj
                0x10006368                tu_edpt_validate
 .text.tu_edpt_bind_driver
                0x100063e0       0x26 CMakeFiles/midiMe.dir/Users/sabino/raspberry_pico_pi/pico-sdk/lib/tinyusb/src/tusb.c.obj
                0x100063e0                tu_edpt_bind_driver
 .text.advance_index
                0x10006406       0x1a CMakeFiles/midiMe.dir/Users/sabino/raspberry_pico_pi/pico-sdk/lib/tinyusb/src/common/tusb_fifo.c.obj
 .text._tu_fifo_peek
                0x10006420       0x56 CMakeFiles/midiMe.dir/Users/sabino/raspberry_pico_pi/pico-sdk/lib/tinyusb/src/common/tusb_fifo.c.obj
 .text._ff_pull_const_addr
                0x10006476       0x4c CMakeFiles/midiMe.dir/Users/sabino/raspberry_pico_pi/pico-sdk/lib/tinyusb/src/common/tusb_fifo.c.obj
 .text._ff_pull_n
                0x100064c2      0x110 CMakeFiles/midiMe.dir/Users/sabino/raspberry_pico_pi/pico-sdk/lib/tinyusb/src/common/tusb_fifo.c.obj
 .text._tu_fifo_peek_n
                0x100065d2       0x6a CMakeFiles/midiMe.dir/Users/sabino/raspberry_pico_pi/pico-sdk/lib/tinyusb/src/common/tusb_fifo.c.obj
 .text._tu_fifo_read_n
                0x1000663c       0x4e CMakeFiles/midiMe.dir/Users/sabino/raspberry_pico_pi/pico-sdk/lib/tinyusb/src/common/tusb_fifo.c.obj
 .text._ff_push_const_addr
                0x1000668a       0x40 CMakeFiles/midiMe.dir/Users/sabino/raspberry_pico_pi/pico-sdk/lib/tinyusb/src/common/tusb_fifo.c.obj
 .text._ff_push_n
                0x100066ca      0x10c CMakeFiles/midiMe.dir/Users/sabino/raspberry_pico_pi/pico-sdk/lib/tinyusb/src/common/tusb_fifo.c.obj
 .text._tu_fifo_write_n
                0x100067d6       0xf0 CMakeFiles/midiMe.dir/Users/sabino/raspberry_pico_pi/pico-sdk/lib/tinyusb/src/common/tusb_fifo.c.obj
 .text.tu_fifo_config
                0x100068c6       0x7c CMakeFiles/midiMe.dir/Users/sabino/raspberry_pico_pi/pico-sdk/lib/tinyusb/src/common/tusb_fifo.c.obj
                0x100068c6                tu_fifo_config
 .text.tu_fifo_count
                0x10006942       0x2a CMakeFiles/midiMe.dir/Users/sabino/raspberry_pico_pi/pico-sdk/lib/tinyusb/src/common/tusb_fifo.c.obj
                0x10006942                tu_fifo_count
 .text.tu_fifo_empty
                0x1000696c        0xe CMakeFiles/midiMe.dir/Users/sabino/raspberry_pico_pi/pico-sdk/lib/tinyusb/src/common/tusb_fifo.c.obj
                0x1000696c                tu_fifo_empty
 .text.tu_fifo_full
                0x1000697a       0x28 CMakeFiles/midiMe.dir/Users/sabino/raspberry_pico_pi/pico-sdk/lib/tinyusb/src/common/tusb_fifo.c.obj
                0x1000697a                tu_fifo_full
 .text.tu_fifo_remaining
                0x100069a2       0x2c CMakeFiles/midiMe.dir/Users/sabino/raspberry_pico_pi/pico-sdk/lib/tinyusb/src/common/tusb_fifo.c.obj
                0x100069a2                tu_fifo_remaining
 .text.tu_fifo_read
                0x100069ce       0x42 CMakeFiles/midiMe.dir/Users/sabino/raspberry_pico_pi/pico-sdk/lib/tinyusb/src/common/tusb_fifo.c.obj
                0x100069ce                tu_fifo_read
 .text.tu_fifo_read_n
                0x10006a10        0xa CMakeFiles/midiMe.dir/Users/sabino/raspberry_pico_pi/pico-sdk/lib/tinyusb/src/common/tusb_fifo.c.obj
                0x10006a10                tu_fifo_read_n
 .text.tu_fifo_write
                0x10006a1a       0x64 CMakeFiles/midiMe.dir/Users/sabino/raspberry_pico_pi/pico-sdk/lib/tinyusb/src/common/tusb_fifo.c.obj
                0x10006a1a                tu_fifo_write
 .text.tu_fifo_write_n
                0x10006a7e        0xa CMakeFiles/midiMe.dir/Users/sabino/raspberry_pico_pi/pico-sdk/lib/tinyusb/src/common/tusb_fifo.c.obj
                0x10006a7e                tu_fifo_write_n
 .text.tu_fifo_clear
                0x10006a88       0x3e CMakeFiles/midiMe.dir/Users/sabino/raspberry_pico_pi/pico-sdk/lib/tinyusb/src/common/tusb_fifo.c.obj
                0x10006a88                tu_fifo_clear
 .text.tu_fifo_set_overwritable
                0x10006ac6       0x46 CMakeFiles/midiMe.dir/Users/sabino/raspberry_pico_pi/pico-sdk/lib/tinyusb/src/common/tusb_fifo.c.obj
                0x10006ac6                tu_fifo_set_overwritable
 .text.clock    0x10006b0c       0x28 /Applications/ArmGNUToolchain/13.2.Rel1/arm-none-eabi/bin/../lib/gcc/arm-none-eabi/13.2.1/../../../../arm-none-eabi/lib/thumb/v6-m/nofp/libg.a(libc_a-clock.o)
                0x10006b0c                clock
 .text._times_r
                0x10006b34        0xc /Applications/ArmGNUToolchain/13.2.Rel1/arm-none-eabi/bin/../lib/gcc/arm-none-eabi/13.2.1/../../../../arm-none-eabi/lib/thumb/v6-m/nofp/libg.a(libc_a-timesr.o)
                0x10006b34                _times_r
 .text.strlen   0x10006b40       0x5c /Applications/ArmGNUToolchain/13.2.Rel1/arm-none-eabi/bin/../lib/gcc/arm-none-eabi/13.2.1/../../../../arm-none-eabi/lib/thumb/v6-m/nofp/libg.a(libc_a-strlen-stub.o)
                0x10006b40                strlen
 *(.fini)
 .fini          0x10006b9c        0x4 /Applications/ArmGNUToolchain/13.2.Rel1/arm-none-eabi/bin/../lib/gcc/arm-none-eabi/13.2.1/thumb/v6-m/nofp/crti.o
                0x10006b9c                _fini
 .fini.__stub   0x10006ba0       0xe0 linker stubs
 *crtbegin.o(.ctors)
 *crtbegin?.o(.ctors)
 *(EXCLUDE_FILE(*crtend.o *crtend?.o) .ctors)
 *(SORT_BY_NAME(.ctors.*))
 *(.ctors)
 *crtbegin.o(.dtors)
 *crtbegin?.o(.dtors)
 *(EXCLUDE_FILE(*crtend.o *crtend?.o) .dtors)
 *(SORT_BY_NAME(.dtors.*))
 *(.dtors)
 *(.eh_frame*)
 .eh_frame      0x10006c80        0x0 /Applications/ArmGNUToolchain/13.2.Rel1/arm-none-eabi/bin/../lib/gcc/arm-none-eabi/13.2.1/thumb/v6-m/nofp/crtbegin.o
                0x10006c80                        . = ALIGN (0x4)

.glue_7         0x10006c80        0x0
 .glue_7        0x10006c80        0x0 linker stubs

.glue_7t        0x10006c80        0x0
 .glue_7t       0x10006c80        0x0 linker stubs

.vfp11_veneer   0x10006c80        0x0
 .vfp11_veneer  0x10006c80        0x0 linker stubs

.v4_bx          0x10006c80        0x0
 .v4_bx         0x10006c80        0x0 linker stubs

.iplt           0x10006c80        0x0
 .iplt          0x10006c80        0x0 /Applications/ArmGNUToolchain/13.2.Rel1/arm-none-eabi/bin/../lib/gcc/arm-none-eabi/13.2.1/thumb/v6-m/nofp/crtbegin.o

.rodata         0x10006c80     0x1604
 *(EXCLUDE_FILE(*libm.a: *libc.a:*lib_a-mem*.o *libgcc.a:) .rodata*)
 .rodata.main.str1.4
                0x10006c80      0xf37 CMakeFiles/midiMe.dir/midiMe.c.obj
                                 0x45 (size before relaxing)
 .rodata.spin_lock_claim_unused.str1.4
                0x10007bb7       0x1b CMakeFiles/midiMe.dir/Users/sabino/raspberry_pico_pi/pico-sdk/src/rp2_common/hardware_sync/sync.c.obj
 .rodata.resolve_branch.str1.4
                0x10007bb7       0x63 CMakeFiles/midiMe.dir/Users/sabino/raspberry_pico_pi/pico-sdk/src/rp2_common/hardware_irq/irq.c.obj
 .rodata.make_branch.str1.4
                0x10007bb7       0x30 CMakeFiles/midiMe.dir/Users/sabino/raspberry_pico_pi/pico-sdk/src/rp2_common/hardware_irq/irq.c.obj
 .rodata.insert_branch_and_link.str1.4
                0x10007bb7       0x10 CMakeFiles/midiMe.dir/Users/sabino/raspberry_pico_pi/pico-sdk/src/rp2_common/hardware_irq/irq.c.obj
 .rodata.irq_set_exclusive_handler.str1.4
                0x10007bb7       0x36 CMakeFiles/midiMe.dir/Users/sabino/raspberry_pico_pi/pico-sdk/src/rp2_common/hardware_irq/irq.c.obj
 .rodata.irq_add_shared_handler.str1.4
                0x10007bb7       0xc2 CMakeFiles/midiMe.dir/Users/sabino/raspberry_pico_pi/pico-sdk/src/rp2_common/hardware_irq/irq.c.obj
 .rodata.irq_remove_handler.str1.4
                0x10007bb7       0x3a CMakeFiles/midiMe.dir/Users/sabino/raspberry_pico_pi/pico-sdk/src/rp2_common/hardware_irq/irq.c.obj
 .rodata.irq_add_tail_to_free_list.str1.4
                0x10007bb7       0x3a CMakeFiles/midiMe.dir/Users/sabino/raspberry_pico_pi/pico-sdk/src/rp2_common/hardware_irq/irq.c.obj
 .rodata.user_irq_claim_unused.str1.4
                0x10007bb7       0x1b CMakeFiles/midiMe.dir/Users/sabino/raspberry_pico_pi/pico-sdk/src/rp2_common/hardware_irq/irq.c.obj
 *fill*         0x10007bb7        0x1 
 .rodata.__func__.0
                0x10007bb8       0x1a CMakeFiles/midiMe.dir/Users/sabino/raspberry_pico_pi/pico-sdk/src/rp2_common/hardware_irq/irq.c.obj
 *fill*         0x10007bd2        0x2 
 .rodata.__func__.1
                0x10007bd4       0x17 CMakeFiles/midiMe.dir/Users/sabino/raspberry_pico_pi/pico-sdk/src/rp2_common/hardware_irq/irq.c.obj
 *fill*         0x10007beb        0x1 
 .rodata.__func__.2
                0x10007bec       0x13 CMakeFiles/midiMe.dir/Users/sabino/raspberry_pico_pi/pico-sdk/src/rp2_common/hardware_irq/irq.c.obj
 *fill*         0x10007bff        0x1 
 .rodata.__func__.3
                0x10007c00        0xc CMakeFiles/midiMe.dir/Users/sabino/raspberry_pico_pi/pico-sdk/src/rp2_common/hardware_irq/irq.c.obj
 .rodata.__func__.4
                0x10007c0c        0xf CMakeFiles/midiMe.dir/Users/sabino/raspberry_pico_pi/pico-sdk/src/rp2_common/hardware_irq/irq.c.obj
 *fill*         0x10007c1b        0x1 
 .rodata.__func__.5
                0x10007c1c       0x17 CMakeFiles/midiMe.dir/Users/sabino/raspberry_pico_pi/pico-sdk/src/rp2_common/hardware_irq/irq.c.obj
 *fill*         0x10007c33        0x1 
 .rodata.__func__.6
                0x10007c34       0x1a CMakeFiles/midiMe.dir/Users/sabino/raspberry_pico_pi/pico-sdk/src/rp2_common/hardware_irq/irq.c.obj
 .rodata.update_us_since_boot.str1.4
                0x10007c4e       0x6f CMakeFiles/midiMe.dir/Users/sabino/raspberry_pico_pi/pico-sdk/src/common/pico_sync/mutex.c.obj
 .rodata.str1.4
                0x10007c4e       0x99 CMakeFiles/midiMe.dir/Users/sabino/raspberry_pico_pi/pico-sdk/src/common/pico_sync/mutex.c.obj
 *fill*         0x10007c4e        0x2 
 .rodata.__func__.1
                0x10007c50        0xb CMakeFiles/midiMe.dir/Users/sabino/raspberry_pico_pi/pico-sdk/src/common/pico_sync/mutex.c.obj
 *fill*         0x10007c5b        0x1 
 .rodata.__func__.3
                0x10007c5c       0x18 CMakeFiles/midiMe.dir/Users/sabino/raspberry_pico_pi/pico-sdk/src/common/pico_sync/mutex.c.obj
 .rodata.__func__.4
                0x10007c74       0x15 CMakeFiles/midiMe.dir/Users/sabino/raspberry_pico_pi/pico-sdk/src/common/pico_sync/mutex.c.obj
 .rodata.get_entry.str1.4
                0x10007c89       0x69 CMakeFiles/midiMe.dir/Users/sabino/raspberry_pico_pi/pico-sdk/src/common/pico_time/time.c.obj
 .rodata.update_us_since_boot.str1.4
                0x10007c89       0x6f CMakeFiles/midiMe.dir/Users/sabino/raspberry_pico_pi/pico-sdk/src/common/pico_time/time.c.obj
 .rodata.ph_get_node.str1.4
                0x10007c89       0x74 CMakeFiles/midiMe.dir/Users/sabino/raspberry_pico_pi/pico-sdk/src/common/pico_time/time.c.obj
 .rodata.ph_add_child_node.str1.4
                0x10007c89       0x2e CMakeFiles/midiMe.dir/Users/sabino/raspberry_pico_pi/pico-sdk/src/common/pico_time/time.c.obj
 .rodata.ph_insert_node.str1.4
                0x10007c89        0x3 CMakeFiles/midiMe.dir/Users/sabino/raspberry_pico_pi/pico-sdk/src/common/pico_time/time.c.obj
 .rodata.ph_free_node.str1.4
                0x10007c89       0x38 CMakeFiles/midiMe.dir/Users/sabino/raspberry_pico_pi/pico-sdk/src/common/pico_time/time.c.obj
 .rodata.add_alarm_under_lock.str1.4
                0x10007c89       0x28 CMakeFiles/midiMe.dir/Users/sabino/raspberry_pico_pi/pico-sdk/src/common/pico_time/time.c.obj
 .rodata.alarm_pool_alarm_callback.str1.4
                0x10007c89       0x60 CMakeFiles/midiMe.dir/Users/sabino/raspberry_pico_pi/pico-sdk/src/common/pico_time/time.c.obj
 .rodata.alarm_pool_get_default.str1.4
                0x10007c89       0x21 CMakeFiles/midiMe.dir/Users/sabino/raspberry_pico_pi/pico-sdk/src/common/pico_time/time.c.obj
 .rodata.alarm_pool_cancel_alarm.str1.4
                0x10007c89       0x27 CMakeFiles/midiMe.dir/Users/sabino/raspberry_pico_pi/pico-sdk/src/common/pico_time/time.c.obj
 *fill*         0x10007c89        0x3 
 .rodata.__func__.1
                0x10007c8c       0x18 CMakeFiles/midiMe.dir/Users/sabino/raspberry_pico_pi/pico-sdk/src/common/pico_time/time.c.obj
 .rodata.__func__.3
                0x10007ca4       0x17 CMakeFiles/midiMe.dir/Users/sabino/raspberry_pico_pi/pico-sdk/src/common/pico_time/time.c.obj
 *fill*         0x10007cbb        0x1 
 .rodata.__func__.4
                0x10007cbc       0x12 CMakeFiles/midiMe.dir/Users/sabino/raspberry_pico_pi/pico-sdk/src/common/pico_time/time.c.obj
 *fill*         0x10007cce        0x2 
 .rodata.__func__.5
                0x10007cd0        0xd CMakeFiles/midiMe.dir/Users/sabino/raspberry_pico_pi/pico-sdk/src/common/pico_time/time.c.obj
 *fill*         0x10007cdd        0x3 
 .rodata.__func__.6
                0x10007ce0       0x12 CMakeFiles/midiMe.dir/Users/sabino/raspberry_pico_pi/pico-sdk/src/common/pico_time/time.c.obj
 *fill*         0x10007cf2        0x2 
 .rodata.__func__.7
                0x10007cf4        0xf CMakeFiles/midiMe.dir/Users/sabino/raspberry_pico_pi/pico-sdk/src/common/pico_time/time.c.obj
 *fill*         0x10007d03        0x1 
 .rodata.__func__.8
                0x10007d04        0xc CMakeFiles/midiMe.dir/Users/sabino/raspberry_pico_pi/pico-sdk/src/common/pico_time/time.c.obj
 .rodata.__func__.9
                0x10007d10       0x15 CMakeFiles/midiMe.dir/Users/sabino/raspberry_pico_pi/pico-sdk/src/common/pico_time/time.c.obj
 *fill*         0x10007d25        0x3 
 .rodata.__func__.10
                0x10007d28       0x15 CMakeFiles/midiMe.dir/Users/sabino/raspberry_pico_pi/pico-sdk/src/common/pico_time/time.c.obj
 *fill*         0x10007d3d        0x3 
 .rodata.__func__.11
                0x10007d40       0x1a CMakeFiles/midiMe.dir/Users/sabino/raspberry_pico_pi/pico-sdk/src/common/pico_time/time.c.obj
 *fill*         0x10007d5a        0x2 
 .rodata.__func__.12
                0x10007d5c        0xa CMakeFiles/midiMe.dir/Users/sabino/raspberry_pico_pi/pico-sdk/src/common/pico_time/time.c.obj
 .rodata.hardware_alarm_claim.str1.4
                0x10007d66       0x22 CMakeFiles/midiMe.dir/Users/sabino/raspberry_pico_pi/pico-sdk/src/rp2_common/hardware_timer/timer.c.obj
 .rodata.hardware_alarm_set_target.str1.4
                0x10007d66       0x73 CMakeFiles/midiMe.dir/Users/sabino/raspberry_pico_pi/pico-sdk/src/rp2_common/hardware_timer/timer.c.obj
 *fill*         0x10007d66        0x2 
 .rodata.__func__.0
                0x10007d68       0x1a CMakeFiles/midiMe.dir/Users/sabino/raspberry_pico_pi/pico-sdk/src/rp2_common/hardware_timer/timer.c.obj
 .rodata.ph_get_node.str1.4
                0x10007d82       0x74 CMakeFiles/midiMe.dir/Users/sabino/raspberry_pico_pi/pico-sdk/src/common/pico_util/pheap.c.obj
 .rodata.ph_add_child_node.str1.4
                0x10007d82       0x2e CMakeFiles/midiMe.dir/Users/sabino/raspberry_pico_pi/pico-sdk/src/common/pico_util/pheap.c.obj
 .rodata.ph_remove_any_head.str1.4
                0x10007d82       0xb0 CMakeFiles/midiMe.dir/Users/sabino/raspberry_pico_pi/pico-sdk/src/common/pico_util/pheap.c.obj
 .rodata.ph_remove_and_free_node.str1.4
                0x10007d82       0x26 CMakeFiles/midiMe.dir/Users/sabino/raspberry_pico_pi/pico-sdk/src/common/pico_util/pheap.c.obj
 *fill*         0x10007d82        0x2 
 .rodata.__func__.0
                0x10007d84       0x18 CMakeFiles/midiMe.dir/Users/sabino/raspberry_pico_pi/pico-sdk/src/common/pico_util/pheap.c.obj
 .rodata.__func__.1
                0x10007d9c       0x13 CMakeFiles/midiMe.dir/Users/sabino/raspberry_pico_pi/pico-sdk/src/common/pico_util/pheap.c.obj
 *fill*         0x10007daf        0x1 
 .rodata.__func__.2
                0x10007db0       0x12 CMakeFiles/midiMe.dir/Users/sabino/raspberry_pico_pi/pico-sdk/src/common/pico_util/pheap.c.obj
 *fill*         0x10007dc2        0x2 
 .rodata.__func__.3
                0x10007dc4        0xc CMakeFiles/midiMe.dir/Users/sabino/raspberry_pico_pi/pico-sdk/src/common/pico_util/pheap.c.obj
 .rodata.clock_configure.str1.4
                0x10007dd0       0x65 CMakeFiles/midiMe.dir/Users/sabino/raspberry_pico_pi/pico-sdk/src/rp2_common/hardware_clocks/clocks.c.obj
 .rodata.__func__.1
                0x10007dd0       0x10 CMakeFiles/midiMe.dir/Users/sabino/raspberry_pico_pi/pico-sdk/src/rp2_common/hardware_clocks/clocks.c.obj
 .rodata.pll_init.str1.4
                0x10007de0      0x130 CMakeFiles/midiMe.dir/Users/sabino/raspberry_pico_pi/pico-sdk/src/rp2_common/hardware_pll/pll.c.obj
 .rodata.__func__.0
                0x10007de0        0x9 CMakeFiles/midiMe.dir/Users/sabino/raspberry_pico_pi/pico-sdk/src/rp2_common/hardware_pll/pll.c.obj
 .rodata.__assert_func.str1.4
                0x10007de9       0x43 CMakeFiles/midiMe.dir/Users/sabino/raspberry_pico_pi/pico-sdk/src/rp2_common/pico_runtime/runtime.c.obj
 .rodata.runtime_init.str1.4
                0x10007de9       0x6f CMakeFiles/midiMe.dir/Users/sabino/raspberry_pico_pi/pico-sdk/src/rp2_common/pico_runtime/runtime.c.obj
 .rodata.update_us_since_boot.str1.4
                0x10007de9       0x6f CMakeFiles/midiMe.dir/Users/sabino/raspberry_pico_pi/pico-sdk/src/rp2_common/pico_runtime/runtime.c.obj
 .rodata.panic.str1.4
                0x10007de9       0x12 CMakeFiles/midiMe.dir/Users/sabino/raspberry_pico_pi/pico-sdk/src/rp2_common/pico_runtime/runtime.c.obj
 *fill*         0x10007de9        0x3 
 .rodata.__func__.0
                0x10007dec       0x15 CMakeFiles/midiMe.dir/Users/sabino/raspberry_pico_pi/pico-sdk/src/rp2_common/pico_runtime/runtime.c.obj
 *fill*         0x10007e01        0x3 
 .rodata.__func__.2
                0x10007e04        0xd CMakeFiles/midiMe.dir/Users/sabino/raspberry_pico_pi/pico-sdk/src/rp2_common/pico_runtime/runtime.c.obj
 .rodata._ftoa.str1.4
                0x10007e11       0x15 CMakeFiles/midiMe.dir/Users/sabino/raspberry_pico_pi/pico-sdk/src/rp2_common/pico_printf/printf.c.obj
 *fill*         0x10007e11        0x3 
 .rodata._vsnprintf
                0x10007e14      0x19c CMakeFiles/midiMe.dir/Users/sabino/raspberry_pico_pi/pico-sdk/src/rp2_common/pico_printf/printf.c.obj
 .rodata.pow10.0
                0x10007fb0       0x50 CMakeFiles/midiMe.dir/Users/sabino/raspberry_pico_pi/pico-sdk/src/rp2_common/pico_printf/printf.c.obj
 .rodata.__aeabi_double_init.str1.4
                0x10008000       0xaa CMakeFiles/midiMe.dir/Users/sabino/raspberry_pico_pi/pico-sdk/src/rp2_common/pico_double/double_init_rom.c.obj
 .rodata.__func__.0
                0x10008000       0x14 CMakeFiles/midiMe.dir/Users/sabino/raspberry_pico_pi/pico-sdk/src/rp2_common/pico_double/double_init_rom.c.obj
 .rodata.__aeabi_float_init.str1.4
                0x10008014       0x8c CMakeFiles/midiMe.dir/Users/sabino/raspberry_pico_pi/pico-sdk/src/rp2_common/pico_float/float_init_rom.c.obj
 .rodata.__func__.0
                0x10008014       0x13 CMakeFiles/midiMe.dir/Users/sabino/raspberry_pico_pi/pico-sdk/src/rp2_common/pico_float/float_init_rom.c.obj
 .rodata.str1.4
                0x10008027       0x40 CMakeFiles/midiMe.dir/Users/sabino/raspberry_pico_pi/pico-sdk/src/rp2_common/pico_standard_link/binary_info.c.obj
 *fill*         0x10008027        0x1 
 .rodata.__bi_81
                0x10008028        0xc CMakeFiles/midiMe.dir/Users/sabino/raspberry_pico_pi/pico-sdk/src/rp2_common/pico_standard_link/binary_info.c.obj
 .rodata.__bi_75
                0x10008034        0xc CMakeFiles/midiMe.dir/Users/sabino/raspberry_pico_pi/pico-sdk/src/rp2_common/pico_standard_link/binary_info.c.obj
 .rodata.__bi_56
                0x10008040        0xc CMakeFiles/midiMe.dir/Users/sabino/raspberry_pico_pi/pico-sdk/src/rp2_common/pico_standard_link/binary_info.c.obj
 .rodata.__bi_44
                0x1000804c        0xc CMakeFiles/midiMe.dir/Users/sabino/raspberry_pico_pi/pico-sdk/src/rp2_common/pico_standard_link/binary_info.c.obj
 .rodata.update_us_since_boot.str1.4
                0x10008058       0x6f CMakeFiles/midiMe.dir/Users/sabino/raspberry_pico_pi/pico-sdk/src/rp2_common/pico_stdio/stdio.c.obj
 .rodata.crlf_str.2
                0x10008058        0x2 CMakeFiles/midiMe.dir/Users/sabino/raspberry_pico_pi/pico-sdk/src/rp2_common/pico_stdio/stdio.c.obj
 *fill*         0x1000805a        0x2 
 .rodata.__func__.3
                0x1000805c       0x15 CMakeFiles/midiMe.dir/Users/sabino/raspberry_pico_pi/pico-sdk/src/rp2_common/pico_stdio/stdio.c.obj
 *fill*         0x10008071        0x3 
 .rodata._resetd_driver
                0x10008074       0x18 CMakeFiles/midiMe.dir/Users/sabino/raspberry_pico_pi/pico-sdk/src/rp2_common/pico_stdio_usb/reset_interface.c.obj
 .rodata.update_us_since_boot.str1.4
                0x1000808c       0x6f CMakeFiles/midiMe.dir/Users/sabino/raspberry_pico_pi/pico-sdk/src/rp2_common/pico_stdio_usb/stdio_usb.c.obj
 .rodata.stdio_usb_init.str1.4
                0x1000808c       0x5b CMakeFiles/midiMe.dir/Users/sabino/raspberry_pico_pi/pico-sdk/src/rp2_common/pico_stdio_usb/stdio_usb.c.obj
 .rodata.str1.4
                0x1000808c       0x13 CMakeFiles/midiMe.dir/Users/sabino/raspberry_pico_pi/pico-sdk/src/rp2_common/pico_stdio_usb/stdio_usb.c.obj
 .rodata.__bi_182.0
                0x1000808c        0xc CMakeFiles/midiMe.dir/Users/sabino/raspberry_pico_pi/pico-sdk/src/rp2_common/pico_stdio_usb/stdio_usb.c.obj
 .rodata.__func__.1
                0x10008098        0xf CMakeFiles/midiMe.dir/Users/sabino/raspberry_pico_pi/pico-sdk/src/rp2_common/pico_stdio_usb/stdio_usb.c.obj
 *fill*         0x100080a7        0x1 
 .rodata.__func__.3
                0x100080a8       0x15 CMakeFiles/midiMe.dir/Users/sabino/raspberry_pico_pi/pico-sdk/src/rp2_common/pico_stdio_usb/stdio_usb.c.obj
 .rodata.str1.4
                0x100080bd       0x2a CMakeFiles/midiMe.dir/Users/sabino/raspberry_pico_pi/pico-sdk/src/rp2_common/pico_stdio_usb/stdio_usb_descriptors.c.obj
 *fill*         0x100080bd        0x3 
 .rodata.usbd_desc_str
                0x100080c0       0x18 CMakeFiles/midiMe.dir/Users/sabino/raspberry_pico_pi/pico-sdk/src/rp2_common/pico_stdio_usb/stdio_usb_descriptors.c.obj
 .rodata.usbd_desc_cfg
                0x100080d8       0x54 CMakeFiles/midiMe.dir/Users/sabino/raspberry_pico_pi/pico-sdk/src/rp2_common/pico_stdio_usb/stdio_usb_descriptors.c.obj
 .rodata.usbd_desc_device
                0x1000812c       0x12 CMakeFiles/midiMe.dir/Users/sabino/raspberry_pico_pi/pico-sdk/src/rp2_common/pico_stdio_usb/stdio_usb_descriptors.c.obj
 .rodata.pico_get_unique_board_id_string.str1.4
                0x1000813e       0x5b CMakeFiles/midiMe.dir/Users/sabino/raspberry_pico_pi/pico-sdk/src/rp2_common/pico_unique_id/unique_id.c.obj
 *fill*         0x1000813e        0x2 
 .rodata.__func__.0
                0x10008140       0x20 CMakeFiles/midiMe.dir/Users/sabino/raspberry_pico_pi/pico-sdk/src/rp2_common/pico_unique_id/unique_id.c.obj
 .rodata.str1.4
                0x10008160      0x166 CMakeFiles/midiMe.dir/Users/sabino/raspberry_pico_pi/pico-sdk/src/rp2_common/hardware_flash/flash.c.obj
 .rodata.__func__.0
                0x10008160        0xd CMakeFiles/midiMe.dir/Users/sabino/raspberry_pico_pi/pico-sdk/src/rp2_common/hardware_flash/flash.c.obj
 .rodata._hw_endpoint_alloc.str1.4
                0x1000816d       0xc5 CMakeFiles/midiMe.dir/Users/sabino/raspberry_pico_pi/pico-sdk/lib/tinyusb/src/portable/raspberrypi/rp2040/dcd_rp2040.c.obj
 .rodata.str1.4
                0x1000816d       0x14 CMakeFiles/midiMe.dir/Users/sabino/raspberry_pico_pi/pico-sdk/lib/tinyusb/src/portable/raspberrypi/rp2040/dcd_rp2040.c.obj
 .rodata.dcd_int_enable.str1.4
                0x1000816d        0xc CMakeFiles/midiMe.dir/Users/sabino/raspberry_pico_pi/pico-sdk/lib/tinyusb/src/portable/raspberrypi/rp2040/dcd_rp2040.c.obj
 *fill*         0x1000816d        0x3 
 .rodata.__func__.0
                0x10008170        0xe CMakeFiles/midiMe.dir/Users/sabino/raspberry_pico_pi/pico-sdk/lib/tinyusb/src/portable/raspberrypi/rp2040/dcd_rp2040.c.obj
 *fill*         0x1000817e        0x2 
 .rodata.__func__.1
                0x10008180        0xe CMakeFiles/midiMe.dir/Users/sabino/raspberry_pico_pi/pico-sdk/lib/tinyusb/src/portable/raspberrypi/rp2040/dcd_rp2040.c.obj
 *fill*         0x1000818e        0x2 
 .rodata.__func__.3
                0x10008190       0x10 CMakeFiles/midiMe.dir/Users/sabino/raspberry_pico_pi/pico-sdk/lib/tinyusb/src/portable/raspberrypi/rp2040/dcd_rp2040.c.obj
 .rodata.__func__.5
                0x100081a0        0xf CMakeFiles/midiMe.dir/Users/sabino/raspberry_pico_pi/pico-sdk/lib/tinyusb/src/portable/raspberrypi/rp2040/dcd_rp2040.c.obj
 *fill*         0x100081af        0x1 
 .rodata.__func__.6
                0x100081b0       0x13 CMakeFiles/midiMe.dir/Users/sabino/raspberry_pico_pi/pico-sdk/lib/tinyusb/src/portable/raspberrypi/rp2040/dcd_rp2040.c.obj
 *fill*         0x100081c3        0x1 
 .rodata.__func__.7
                0x100081c4        0x9 CMakeFiles/midiMe.dir/Users/sabino/raspberry_pico_pi/pico-sdk/lib/tinyusb/src/portable/raspberrypi/rp2040/dcd_rp2040.c.obj
 .rodata.str1.4
                0x100081cd       0xf7 CMakeFiles/midiMe.dir/Users/sabino/raspberry_pico_pi/pico-sdk/lib/tinyusb/src/portable/raspberrypi/rp2040/rp2040_usb.c.obj
 *fill*         0x100081cd        0x3 
 .rodata.__func__.0
                0x100081d0        0xf CMakeFiles/midiMe.dir/Users/sabino/raspberry_pico_pi/pico-sdk/lib/tinyusb/src/portable/raspberrypi/rp2040/rp2040_usb.c.obj
 *fill*         0x100081df        0x1 
 .rodata.process_get_descriptor
                0x100081e0       0x40 CMakeFiles/midiMe.dir/Users/sabino/raspberry_pico_pi/pico-sdk/lib/tinyusb/src/device/usbd.c.obj
 .rodata.process_control_request
                0x10008220       0x28 CMakeFiles/midiMe.dir/Users/sabino/raspberry_pico_pi/pico-sdk/lib/tinyusb/src/device/usbd.c.obj
 .rodata.tud_task_ext
                0x10008248       0x24 CMakeFiles/midiMe.dir/Users/sabino/raspberry_pico_pi/pico-sdk/lib/tinyusb/src/device/usbd.c.obj
 .rodata._usbd_driver
                0x1000826c       0x18 CMakeFiles/midiMe.dir/Users/sabino/raspberry_pico_pi/pico-sdk/lib/tinyusb/src/device/usbd.c.obj
                0x10008284                        . = ALIGN (0x4)
 *(SORT_BY_ALIGNMENT(SORT_BY_NAME(.flashdata*)))
                0x10008284                        . = ALIGN (0x4)

.ARM.extab
 *(.ARM.extab* .gnu.linkonce.armextab.*)
                0x10008284                        __exidx_start = .

.ARM.exidx
 *(.ARM.exidx* .gnu.linkonce.armexidx.*)
                0x10008284                        __exidx_end = .
                0x10008284                        . = ALIGN (0x4)
                0x10008284                        __binary_info_start = .

.binary_info    0x10008284       0x24
 *(.binary_info.keep.*)
 .binary_info.keep.__bi_ptr81
                0x10008284        0x4 CMakeFiles/midiMe.dir/Users/sabino/raspberry_pico_pi/pico-sdk/src/rp2_common/pico_standard_link/binary_info.c.obj
 .binary_info.keep.__bi_ptr75
                0x10008288        0x4 CMakeFiles/midiMe.dir/Users/sabino/raspberry_pico_pi/pico-sdk/src/rp2_common/pico_standard_link/binary_info.c.obj
 .binary_info.keep.__bi_ptr56
                0x1000828c        0x4 CMakeFiles/midiMe.dir/Users/sabino/raspberry_pico_pi/pico-sdk/src/rp2_common/pico_standard_link/binary_info.c.obj
 .binary_info.keep.__bi_ptr50
                0x10008290        0x4 CMakeFiles/midiMe.dir/Users/sabino/raspberry_pico_pi/pico-sdk/src/rp2_common/pico_standard_link/binary_info.c.obj
 .binary_info.keep.__bi_ptr44
                0x10008294        0x4 CMakeFiles/midiMe.dir/Users/sabino/raspberry_pico_pi/pico-sdk/src/rp2_common/pico_standard_link/binary_info.c.obj
 .binary_info.keep.__bi_ptr38
                0x10008298        0x4 CMakeFiles/midiMe.dir/Users/sabino/raspberry_pico_pi/pico-sdk/src/rp2_common/pico_standard_link/binary_info.c.obj
 .binary_info.keep.__bi_ptr30
                0x1000829c        0x4 CMakeFiles/midiMe.dir/Users/sabino/raspberry_pico_pi/pico-sdk/src/rp2_common/pico_standard_link/binary_info.c.obj
 .binary_info.keep.__bi_ptr22
                0x100082a0        0x4 CMakeFiles/midiMe.dir/Users/sabino/raspberry_pico_pi/pico-sdk/src/rp2_common/pico_standard_link/binary_info.c.obj
 *(.binary_info.*)
 .binary_info.__bi_ptr182
                0x100082a4        0x4 CMakeFiles/midiMe.dir/Users/sabino/raspberry_pico_pi/pico-sdk/src/rp2_common/pico_stdio_usb/stdio_usb.c.obj
                0x100082a8                        __binary_info_end = .

.rel.dyn        0x100082a8        0x0
 .rel.iplt      0x100082a8        0x0 /Applications/ArmGNUToolchain/13.2.Rel1/arm-none-eabi/bin/../lib/gcc/arm-none-eabi/13.2.1/thumb/v6-m/nofp/crtbegin.o
                0x100082a8                        . = ALIGN (0x4)

.ram_vector_table
                0x20000000       0xc0
 *(.ram_vector_table)
 .ram_vector_table
                0x20000000       0xc0 CMakeFiles/midiMe.dir/Users/sabino/raspberry_pico_pi/pico-sdk/src/rp2_common/pico_runtime/runtime.c.obj
                0x20000000                ram_vector_table

.data           0x200000c0      0xc70 load address 0x100082a8
                0x200000c0                        __data_start__ = .
 *(vtable)
 *(.time_critical*)
 .time_critical.mutex_try_enter
                0x200000c0       0x46 CMakeFiles/midiMe.dir/Users/sabino/raspberry_pico_pi/pico-sdk/src/common/pico_sync/mutex.c.obj
                0x200000c0                mutex_try_enter
 *fill*         0x20000106        0x2 
 .time_critical.mutex_enter_block_until
                0x20000108       0x8c CMakeFiles/midiMe.dir/Users/sabino/raspberry_pico_pi/pico-sdk/src/common/pico_sync/mutex.c.obj
                0x20000108                mutex_enter_block_until
 .time_critical.mutex_try_enter_block_until
                0x20000194       0x34 CMakeFiles/midiMe.dir/Users/sabino/raspberry_pico_pi/pico-sdk/src/common/pico_sync/mutex.c.obj
                0x20000194                mutex_try_enter_block_until
 .time_critical.mutex_enter_timeout_ms
                0x200001c8       0x1a CMakeFiles/midiMe.dir/Users/sabino/raspberry_pico_pi/pico-sdk/src/common/pico_sync/mutex.c.obj
                0x200001c8                mutex_enter_timeout_ms
 *fill*         0x200001e2        0x2 
 .time_critical.mutex_exit
                0x200001e4       0x4c CMakeFiles/midiMe.dir/Users/sabino/raspberry_pico_pi/pico-sdk/src/common/pico_sync/mutex.c.obj
                0x200001e4                mutex_exit
 .time_critical.flash_init_boot2_copyout
                0x20000230       0x30 CMakeFiles/midiMe.dir/Users/sabino/raspberry_pico_pi/pico-sdk/src/rp2_common/hardware_flash/flash.c.obj
 .time_critical.flash_enable_xip_via_boot2
                0x20000260        0xc CMakeFiles/midiMe.dir/Users/sabino/raspberry_pico_pi/pico-sdk/src/rp2_common/hardware_flash/flash.c.obj
 .time_critical.flash_cs_force
                0x2000026c       0x28 CMakeFiles/midiMe.dir/Users/sabino/raspberry_pico_pi/pico-sdk/src/rp2_common/hardware_flash/flash.c.obj
 .time_critical.flash_do_cmd
                0x20000294       0xd8 CMakeFiles/midiMe.dir/Users/sabino/raspberry_pico_pi/pico-sdk/src/rp2_common/hardware_flash/flash.c.obj
                0x20000294                flash_do_cmd
 .time_critical.reset_non_control_endpoints
                0x2000036c       0x40 CMakeFiles/midiMe.dir/Users/sabino/raspberry_pico_pi/pico-sdk/lib/tinyusb/src/portable/raspberrypi/rp2040/dcd_rp2040.c.obj
 .time_critical.hw_handle_buff_status
                0x200003ac       0xa4 CMakeFiles/midiMe.dir/Users/sabino/raspberry_pico_pi/pico-sdk/lib/tinyusb/src/portable/raspberrypi/rp2040/dcd_rp2040.c.obj
 .time_critical.dcd_rp2040_irq
                0x20000450      0x1b8 CMakeFiles/midiMe.dir/Users/sabino/raspberry_pico_pi/pico-sdk/lib/tinyusb/src/portable/raspberrypi/rp2040/dcd_rp2040.c.obj
 .time_critical.e15_is_bulkin_ep
                0x20000608       0x2c CMakeFiles/midiMe.dir/Users/sabino/raspberry_pico_pi/pico-sdk/lib/tinyusb/src/portable/raspberrypi/rp2040/rp2040_usb.c.obj
 .time_critical.e15_is_critical_frame_period
                0x20000634       0x30 CMakeFiles/midiMe.dir/Users/sabino/raspberry_pico_pi/pico-sdk/lib/tinyusb/src/portable/raspberrypi/rp2040/rp2040_usb.c.obj
 .time_critical.prepare_ep_buffer
                0x20000664       0x6c CMakeFiles/midiMe.dir/Users/sabino/raspberry_pico_pi/pico-sdk/lib/tinyusb/src/portable/raspberrypi/rp2040/rp2040_usb.c.obj
 .time_critical.sync_ep_buffer
                0x200006d0       0x7c CMakeFiles/midiMe.dir/Users/sabino/raspberry_pico_pi/pico-sdk/lib/tinyusb/src/portable/raspberrypi/rp2040/rp2040_usb.c.obj
 .time_critical._hw_endpoint_xfer_sync
                0x2000074c       0x28 CMakeFiles/midiMe.dir/Users/sabino/raspberry_pico_pi/pico-sdk/lib/tinyusb/src/portable/raspberrypi/rp2040/rp2040_usb.c.obj
 .time_critical.hw_endpoint_reset_transfer
                0x20000774        0xc CMakeFiles/midiMe.dir/Users/sabino/raspberry_pico_pi/pico-sdk/lib/tinyusb/src/portable/raspberrypi/rp2040/rp2040_usb.c.obj
                0x20000774                hw_endpoint_reset_transfer
 .time_critical._hw_endpoint_buffer_control_update32
                0x20000780       0x58 CMakeFiles/midiMe.dir/Users/sabino/raspberry_pico_pi/pico-sdk/lib/tinyusb/src/portable/raspberrypi/rp2040/rp2040_usb.c.obj
                0x20000780                _hw_endpoint_buffer_control_update32
 .time_critical.hw_endpoint_start_next_buffer
                0x200007d8       0x88 CMakeFiles/midiMe.dir/Users/sabino/raspberry_pico_pi/pico-sdk/lib/tinyusb/src/portable/raspberrypi/rp2040/rp2040_usb.c.obj
                0x200007d8                hw_endpoint_start_next_buffer
 .time_critical.hw_endpoint_xfer_continue
                0x20000860       0x50 CMakeFiles/midiMe.dir/Users/sabino/raspberry_pico_pi/pico-sdk/lib/tinyusb/src/portable/raspberrypi/rp2040/rp2040_usb.c.obj
                0x20000860                hw_endpoint_xfer_continue
 .time_critical.tinyusb
                0x200008b0      0x1ac CMakeFiles/midiMe.dir/Users/sabino/raspberry_pico_pi/pico-sdk/lib/tinyusb/src/device/usbd.c.obj
                0x200008b0                dcd_event_handler
 *(.text*)
 .text          0x20000a5c        0x4 /Applications/ArmGNUToolchain/13.2.Rel1/arm-none-eabi/bin/../lib/gcc/arm-none-eabi/13.2.1/thumb/v6-m/nofp/libgcc.a(_dvmd_tls.o)
                0x20000a5c                __aeabi_ldiv0
                0x20000a5c                __aeabi_idiv0
 .text.__stub   0x20000a60       0xa0 linker stubs
                0x20000b00                        . = ALIGN (0x4)
 *(.rodata*)
                0x20000b00                        . = ALIGN (0x4)
 *(.data*)
 .data.striped_spin_lock_num
                0x20000b00        0x1 CMakeFiles/midiMe.dir/Users/sabino/raspberry_pico_pi/pico-sdk/src/rp2_common/hardware_sync/sync.c.obj
 *fill*         0x20000b01        0x3 
 .data          0x20000b04       0x48 CMakeFiles/midiMe.dir/Users/sabino/raspberry_pico_pi/pico-sdk/src/rp2_common/hardware_irq/irq_handler_chain.S.obj
                0x20000b04                irq_handler_chain_slots
                0x20000b34                irq_handler_chain_first_slot
                0x20000b3e                irq_handler_chain_remove_tail
 .data.default_alarm_pool
                0x20000b4c       0x18 CMakeFiles/midiMe.dir/Users/sabino/raspberry_pico_pi/pico-sdk/src/common/pico_time/time.c.obj
 .data.default_alarm_pool_heap
                0x20000b64       0x10 CMakeFiles/midiMe.dir/Users/sabino/raspberry_pico_pi/pico-sdk/src/common/pico_time/time.c.obj
 *fill*         0x20000b74        0xc 
 .data.aeabi_bits_funcs
                0x20000b80       0x10 CMakeFiles/midiMe.dir/Users/sabino/raspberry_pico_pi/pico-sdk/src/rp2_common/pico_bit_ops/bit_ops_aeabi.S.obj
                0x20000b80                aeabi_bits_funcs
                0x20000b90                aeabi_bits_funcs_end
 .data.aeabi_mem_funcs
                0x20000b90       0x10 CMakeFiles/midiMe.dir/Users/sabino/raspberry_pico_pi/pico-sdk/src/rp2_common/pico_mem_ops/mem_ops_aeabi.S.obj
                0x20000b90                aeabi_mem_funcs
                0x20000ba0                aeabi_mem_funcs_end
 .data.stdio_usb